build-cache: before=1073582057 after=1073582057 reclaimed=0 budget=1073741824 bytes; 2 protected paths; within budget
✔ candidate validation applies exactly the five reviewed files and records tree/patch evidence (260.283897ms)
✔ directory aliases preserve checkout identity while distinct directories remain separate (225.423344ms)
✔ candidate validation refuses tracked dirty state before applying the patch (134.674874ms)
✔ candidate validation refuses untracked dirty state before applying the patch (117.018597ms)
✔ candidate validation refuses ignored dirty state before applying the patch (144.359017ms)
✔ candidate validation rejects baseline drift and a tampered patch (149.878979ms)
✔ candidate verification rejects changed source hashes and expanded changed-file scope (337.10159ms)
✔ candidate manifest cannot expand the frozen five-file repair allowlist (145.321316ms)
✔ separate candidate workflow keeps all platforms and bootstrap/archive/final-cleanup ordering (2.113592ms)
✔ api-docs.yml: every checkout job bootstraps, archives and always tears down (1.863476ms)
✔ bootstrap.yml: every checkout job bootstraps, archives and always tears down (0.184949ms)
✔ cache-candidate-validation.yml: every checkout job bootstraps, archives and always tears down (0.170146ms)
✔ cache-portability.yml: every checkout job bootstraps, archives and always tears down (0.188264ms)
✔ docker.yml: every checkout job bootstraps, archives and always tears down (0.24605ms)
✔ formal-corpus.yml: every checkout job bootstraps, archives and always tears down (0.248504ms)
✔ issue-183-acceptance.yml: every checkout job bootstraps, archives and always tears down (0.129375ms)
✔ linked-implementation.yml: every checkout job bootstraps, archives and always tears down (0.121743ms)
✔ linked-target.yml: every checkout job bootstraps, archives and always tears down (0.773125ms)
✔ lint-english.yml: every checkout job bootstraps, archives and always tears down (0.288425ms)
✔ orientation-proofs.yml: every checkout job bootstraps, archives and always tears down (0.175014ms)
✔ parity.yml: every checkout job bootstraps, archives and always tears down (0.135344ms)
✔ relational-kernel.yml: every checkout job bootstraps, archives and always tears down (0.124587ms)
✔ tests.yml: every checkout job bootstraps, archives and always tears down (1.225976ms)
✔ docs and parity consume build outputs before cleanup can evict them (0.207963ms)
✔ formal jobs preserve the pinned checkout and own only disposable proof-build copies (0.212149ms)
✔ Docker lifecycle never uses global pruning, remote cache exports, or anonymous persistent target mounts (1.475572ms)
✔ cache categories, bootstrap entry points and compact Cargo profiles remain registered (0.399481ms)
✔ Docker success consumes both images and removes only owned exact resources (3726.650275ms)
✔ Docker failed bootstrap preserves exit status and releases its builder (1325.707112ms)
✔ Docker failed build preserves exit status and releases its builder (921.610552ms)
✔ Docker failed smoke test preserves exit status and releases its builder (1632.231202ms)
✔ Docker termination signal preserves exit status and releases its builder (1709.81517ms)
✔ Docker mismatched image ownership fails closed without deleting it (2194.558155ms)
✔ Docker mismatched builder-state labels fail closed without deleting it (317.29101ms)
✔ Docker container ownership mismatch never stops a foreign process and retains its lease (1251.384723ms)
✔ failed Docker container stop preserves the external lease instead of freeing active scratch (1202.875788ms)
✔ the ordinary test suite rejects current-checkout source or provider drift (2199.827275ms)
✔ the configuration graph supplies real build settings and direct linked library inputs (1486.241397ms)
✔ configuration refuses omitted providers and escaping output paths (1291.083674ms)
✔ ordinary-build guard rejects added host modules and changed dependency settings (7246.627632ms)
✔ linked implementation manifest pins structured ASTs and generated artifacts for the complete snapshot inventory (1677.271532ms)
✔ graph serialization stores only Links and preserves values including Unicode, negative zero, and prototype-like keys (0.993877ms)
✔ graph restoration refuses missing, cyclic, malformed and exponentially expanding syntax (47.294738ms)
✔ source-free generation executes the real LiNo parser, formal terms, proof verifier and K0 compiler (20517.687483ms)
✔ replacing parser and elaboration AST Links changes behavior on the unchanged generator and runtime substrate (3817.213728ms)
✔ replacing verifier and bracket compiler AST Links changes semantic decisions without callbacks (4380.768715ms)
✔ the archive generates its own codec and generator and reaches an exact second-generation fixed point (4783.417272ms)
✔ consistency rejects omitted modules and host-only semantic edits instead of silently capturing them (5239.007905ms)
✔ Rust implementation archive contains typed syntax for every pinned runtime and companion module (567.260485ms)
✔ Rust authority can be edited structurally and restored with no source buffer (1764.490291ms)
✔ Rust archive refuses a path escape instead of writing outside its generated tree (1434.385181ms)
✔ pure Link model executes real proof quotation and compiles adapter expressions (108.67634ms)
✔ independent memory planner agrees byte-for-byte with generated target and rejects corruption (15.179107ms)
✔ Link layout and program replacements change actual generated storage and verdicts (15.678789ms)
ℹ tests 54
ℹ suites 0
ℹ pass 54
ℹ fail 0
ℹ cancelled 0
ℹ skipped 0
ℹ todo 0
ℹ duration_ms 42185.706579
build-cache: before=1073582057 after=1073582057 reclaimed=0 budget=1073741824 bytes; 2 protected paths; within budget
