build-cache: before=1073580511 after=1073580511 reclaimed=0 budget=1073741824 bytes; 2 protected paths; within budget
Exact model/JavaScript/native receipt bytes: 8/34
Exact model/JavaScript/native receipt bytes: 16/34
Exact model/JavaScript/native receipt bytes: 24/34
Exact model/JavaScript/native receipt bytes: 32/34
Exact model/JavaScript/native receipt bytes: 34/34
Independent cross-port replay: 8/34
Independent cross-port replay: 16/34
Independent cross-port replay: 24/34
Independent cross-port replay: 32/34
Independent cross-port replay: 34/34
{
  "schema": "rml-linked-target-witness/v1",
  "sourceFree": true,
  "proofCases": 34,
  "exactReceiptByteComparisons": 34,
  "crossPortReplays": 34,
  "parserCases": 4,
  "strictNativeFrames": 4,
  "corruptNativeFramesRejected": 5,
  "forgedReceiptRejected": true,
  "resourceExhaustionIsError": true,
  "independentModelInterpreter": true,
  "regeneratedLayoutChangesBytes": true,
  "regeneratedVerdictChangesExecution": true,
  "regeneratedParserChangesObservation": true,
  "nativeArtifactHashes": [
    "d30dd06129b881d8a99a2c5e21f65b0c3039ebc2465cb14e020d07b0fae44e15",
    "345773bfe201676acd702a098471b88e416c7198c22eb4c238e195c3a646726f",
    "d25658bc61159c462b098cee0ce60368bc9a419c196a9079a23fa4bd9427b76f",
    "e10fcfce8dbd98e2f307e0b874bfa450475425ba5126b992cfda4f94af172de1"
  ],
  "genericGeneratorHashes": [
    [
      "scripts/linked-target-abi.mjs",
      "cdfc5b52894140aabc143c30124915ab8bac5c19c59fff3bd8d5a524d4a419ac"
    ],
    [
      "scripts/linked-target-rust-codegen.mjs",
      "f12ec61cdee49ad21d0ebd12fded4e288c0dd9b0671a568be9a2d32c7b1073aa"
    ]
  ],
  "fullCompilerCorrectness": false,
  "physicalIsaModel": false
}
build-cache: before=1111317659 after=1073582057 reclaimed=37735602 budget=1073741824 bytes; 2 protected paths; within budget
