build-cache: before=6 after=6 reclaimed=0 budget=1073741824 bytes; 2 protected paths; within budget
✔ candidate validation applies exactly the five reviewed files and records tree/patch evidence (104.11457ms)
✔ directory aliases preserve checkout identity while distinct directories remain separate (198.100067ms)
✔ candidate validation refuses tracked dirty state before applying the patch (95.331996ms)
✔ candidate validation refuses untracked dirty state before applying the patch (121.281438ms)
✔ candidate validation refuses ignored dirty state before applying the patch (85.626612ms)
✔ candidate validation rejects baseline drift and a tampered patch (90.704598ms)
✔ candidate verification rejects changed source hashes and expanded changed-file scope (277.438801ms)
✔ candidate manifest cannot expand the frozen five-file repair allowlist (81.763715ms)
✔ separate candidate workflow keeps all platforms and bootstrap/archive/final-cleanup ordering (0.502396ms)
✔ api-docs.yml: every checkout job bootstraps, archives and always tears down (1.576635ms)
✔ bootstrap.yml: every checkout job bootstraps, archives and always tears down (0.17951ms)
✔ cache-candidate-validation.yml: every checkout job bootstraps, archives and always tears down (0.263817ms)
✔ cache-portability.yml: every checkout job bootstraps, archives and always tears down (0.167452ms)
✔ docker.yml: every checkout job bootstraps, archives and always tears down (0.183076ms)
✔ formal-corpus.yml: every checkout job bootstraps, archives and always tears down (0.225018ms)
✔ issue-183-acceptance.yml: every checkout job bootstraps, archives and always tears down (0.377708ms)
✔ linked-implementation.yml: every checkout job bootstraps, archives and always tears down (0.329987ms)
✔ lint-english.yml: every checkout job bootstraps, archives and always tears down (0.376036ms)
✔ orientation-proofs.yml: every checkout job bootstraps, archives and always tears down (0.40461ms)
✔ parity.yml: every checkout job bootstraps, archives and always tears down (0.233181ms)
✔ relational-kernel.yml: every checkout job bootstraps, archives and always tears down (0.105509ms)
✔ tests.yml: every checkout job bootstraps, archives and always tears down (0.157417ms)
✔ docs and parity consume build outputs before cleanup can evict them (0.981819ms)
✔ formal jobs preserve the pinned checkout and own only disposable proof-build copies (0.251138ms)
✔ Docker lifecycle never uses global pruning, remote cache exports, or anonymous persistent target mounts (0.441826ms)
✔ cache categories, bootstrap entry points and compact Cargo profiles remain registered (0.334223ms)
✔ Docker success consumes both images and removes only owned exact resources (2950.973459ms)
✔ Docker failed bootstrap preserves exit status and releases its builder (1003.047365ms)
✔ Docker failed build preserves exit status and releases its builder (869.39686ms)
✔ Docker failed smoke test preserves exit status and releases its builder (1354.458985ms)
✔ Docker termination signal preserves exit status and releases its builder (1370.531607ms)
✔ Docker mismatched image ownership fails closed without deleting it (1865.300257ms)
✔ Docker mismatched builder-state labels fail closed without deleting it (287.835986ms)
✔ Docker container ownership mismatch never stops a foreign process and retains its lease (1015.971313ms)
✔ failed Docker container stop preserves the external lease instead of freeing active scratch (1073.317944ms)
✔ the ordinary test suite rejects current-checkout source or provider drift (1913.007801ms)
✔ the configuration graph supplies real build settings and direct linked library inputs (862.792294ms)
✔ configuration refuses omitted providers and escaping output paths (850.036668ms)
✔ ordinary-build guard rejects added host modules and changed dependency settings (5765.474109ms)
✔ linked implementation manifest pins structured ASTs and generated artifacts for the complete snapshot inventory (1344.998993ms)
✔ graph serialization stores only Links and preserves values including Unicode, negative zero, and prototype-like keys (0.943821ms)
✔ graph restoration refuses missing, cyclic, malformed and exponentially expanding syntax (26.174152ms)
✔ source-free generation executes the real LiNo parser, formal terms, proof verifier and K0 compiler (18625.522555ms)
✔ replacing parser and elaboration AST Links changes behavior on the unchanged generator and runtime substrate (3502.530449ms)
✔ replacing verifier and bracket compiler AST Links changes semantic decisions without callbacks (3818.010847ms)
✔ the archive generates its own codec and generator and reaches an exact second-generation fixed point (4399.923989ms)
✔ consistency rejects omitted modules and host-only semantic edits instead of silently capturing them (4771.449962ms)
✔ Rust implementation archive contains typed syntax for every pinned runtime and companion module (409.963929ms)
✔ Rust authority can be edited structurally and restored with no source buffer (1795.417729ms)
✔ Rust archive refuses a path escape instead of writing outside its generated tree (1319.646216ms)
ℹ tests 50
ℹ suites 0
ℹ pass 50
ℹ fail 0
ℹ cancelled 0
ℹ skipped 0
ℹ todo 0
ℹ duration_ms 37744.332708
build-cache: before=6 after=6 reclaimed=0 budget=1073741824 bytes; 2 protected paths; within budget
