build-cache: before=1073494407 after=1073494407 reclaimed=0 budget=1073741824 bytes; 1 protected paths; within budget
Frozen source authority verified: 422 input files, snapshot 4bee50bc5778d4dfd9296e37b18d4f193f40750b8d72a85fcda4217d98a7cf9f
   Compiling shlex v2.0.1
   Compiling find-msvc-tools v0.1.14
   Compiling cc v1.2.67
   Compiling tree-sitter-language v0.1.8
   Compiling proc-macro2 v1.0.107
   Compiling quote v1.0.47
   Compiling unicode-ident v1.0.26
   Compiling memchr v2.8.3
   Compiling include_dir_macros v0.7.4
   Compiling include_dir v0.7.4
   Compiling zmij v1.0.23
   Compiling crossbeam-utils v0.8.23
   Compiling equivalent v1.0.2
   Compiling cfg-if v1.0.5
   Compiling syn v3.0.6
   Compiling serde_core v1.0.229
   Compiling crossbeam-epoch v0.9.21
   Compiling itoa v1.0.18
   Compiling serde_json v1.0.151
   Compiling hashbrown v0.17.1
   Compiling indexmap v2.14.2
   Compiling typenum v1.20.1
   Compiling crossbeam-deque v0.8.8
   Compiling libc v0.2.190
   Compiling autocfg v1.5.1
   Compiling crc32fast v1.5.2
   Compiling num-traits v0.2.19
   Compiling hybrid-array v0.4.15
   Compiling aho-corasick v1.1.5
   Compiling heck v0.5.0
   Compiling parking_lot_core v0.9.12
   Compiling adler2 v2.0.1
   Compiling simd-adler32 v0.3.10
   Compiling rayon-core v1.13.0
   Compiling regex-syntax v0.8.11
   Compiling utf8parse v0.2.2
   Compiling anstyle-parse v1.0.0
   Compiling miniz_oxide v0.9.1
   Compiling tree-sitter v0.27.0
   Compiling regex-automata v0.4.18
   Compiling scopeguard v1.2.0
   Compiling fst v0.4.7
   Compiling serde v1.0.229
   Compiling anstyle-query v1.1.5
   Compiling either v1.19.0
   Compiling is_terminal_polyfill v1.70.2
   Compiling smallvec v1.16.2
   Compiling colorchoice v1.0.5
   Compiling anstyle v1.0.14
   Compiling anstream v1.0.0
   Compiling lock_api v0.4.14
   Compiling flate2 v1.1.10
   Compiling regex v1.13.1
   Compiling crypto-common v0.2.2
   Compiling block-buffer v0.12.1
   Compiling serde_derive v1.0.229
   Compiling nom v8.0.0
   Compiling syn v2.0.119
   Compiling tree-sitter-odin v1.3.0
   Compiling tree-sitter-nix v0.3.0
   Compiling tree-sitter-toml-ng v0.7.0
   Compiling tree-sitter-matlab v1.3.1
   Compiling tree-sitter-agda v1.3.3
   Compiling tree-sitter-html v0.23.2
   Compiling tree-sitter-zig v1.1.2
   Compiling tree-sitter-swift v0.7.4
   Compiling tree-sitter-haskell v0.24.1
   Compiling tree-sitter-xml v0.7.0
   Compiling ts-parser-perl v2.0.0
   Compiling tree-sitter-scala v0.26.2
   Compiling tree-sitter-erlang v0.20.0
   Compiling tree-sitter-r v1.3.0
   Compiling tree-sitter-elixir v0.3.5
   Compiling tree-sitter-powershell v0.26.4
   Compiling tree-sitter-css v0.25.0
   Compiling tree-sitter-pascal v0.10.2
   Compiling tree-sitter-c-sharp v0.23.5
   Compiling tree-sitter-ocaml v0.26.0
   Compiling tree-sitter-md-025 v0.5.6
   Compiling tree-sitter-bash v0.25.1
   Compiling tree-sitter-lua v0.5.0
   Compiling tree-sitter-vb-dotnet v0.1.0
   Compiling tree-sitter-kotlin-ng v1.1.0
   Compiling tree-sitter-hcl v1.1.0
   Compiling tree-sitter-yaml v0.7.2
   Compiling tree-sitter-sequel v0.3.11
   Compiling tree-sitter-groovy v0.1.2
   Compiling tree-sitter-ruby v0.23.1
   Compiling tree-sitter-elm v5.9.4
   Compiling tree-sitter-python v0.25.0
   Compiling tree-sitter-dart v0.2.0
   Compiling tree-sitter-php v0.24.2
   Compiling tree-sitter-cpp v0.23.4
   Compiling clap_lex v1.1.1
   Compiling allocator-api2 v0.2.21
   Compiling hashbrown v0.14.5
   Compiling once_cell v1.21.4
   Compiling strsim v0.11.1
   Compiling const-oid v0.10.2
   Compiling foldhash v0.1.5
   Compiling digest v0.11.3
   Compiling hashbrown v0.15.5
   Compiling clap_builder v4.6.7
   Compiling dashmap v6.2.1
   Compiling strum_macros v0.27.2
   Compiling counter v0.7.1
   Compiling rayon v1.12.0
   Compiling meta-language v0.58.2 (https://github.com/link-foundation/meta-language.git?rev=679a3b3c3c56177b8df1ad82672690c6e9889aeb#679a3b3c)
   Compiling itertools v0.14.0
   Compiling clap_derive v4.6.7
   Compiling lingua-arabic-language-model v1.3.0
   Compiling lingua-french-language-model v1.3.0
   Compiling lingua-urdu-language-model v1.3.0
   Compiling lingua-hindi-language-model v1.3.0
   Compiling lingua-chinese-language-model v1.3.0
   Compiling lingua-portuguese-language-model v1.3.0
   Compiling lingua-bengali-language-model v1.3.0
   Compiling lingua-russian-language-model v1.3.0
   Compiling lingua-english-language-model v1.3.0
   Compiling lingua-spanish-language-model v1.3.0
   Compiling tinyvec v1.13.3
   Compiling strum v0.27.2
   Compiling maplit v1.0.2
   Compiling fastrand v2.5.0
   Compiling cpufeatures v0.3.1
   Compiling streaming-iterator v0.1.9
   Compiling lingua v1.8.0
   Compiling sha2 v0.11.0
   Compiling unicode-normalization v0.1.25
   Compiling clap v4.6.7
   Compiling whatlang v0.18.0
   Compiling links-notation v0.22.0
   Compiling links-notation-macro v0.1.0
   Compiling unicode-segmentation v1.13.3
   Compiling unicode-bidi v0.3.18
   Compiling links-notation v0.23.0
   Compiling relative-meta-logic v0.39.0 (/workspace/shared/rml-native-owned-replay-final/.rml-cache/scratch/1791434759999-5/rml-linked-rust-t6yPqD/rust)
    Finished `test` profile [unoptimized] target(s) in 1m 34s
     Running tests/kernel_replacement_tests.rs (rust/target/debug/deps/kernel_replacement_tests-698d316541815da0)

running 4 tests
test replacement_cannot_bypass_disabled_contraction_operations ... ok
test runtime_linked_artifacts_fail_closed_on_missing_roots_forged_references_and_bounds ... ok
test runtime_loaded_linked_k0_substitution_changes_nested_execution_without_host_changes ... ok
test loaded_baseline_preserves_proof_search_inference_imports_and_verification ... ok

test result: ok. 4 passed; 0 failed; 0 ignored; 0 measured; 0 filtered out; finished in 0.05s

     Running tests/lino_frontend_tests.rs (rust/target/debug/deps/lino_frontend_tests-4f99a2fa3983f224)

running 11 tests
test blanks_a_comment_one_byte_at_a_time ... ok
test counts_parentheses_and_indentation_levels_together ... ok
test normalizes_a_leading_byte_order_mark_and_every_line_ending ... ok
test keeps_references_of_private_use_characters_apart_from_the_names_it_makes ... ok
test reads_indented_ids_nested_as_deep_as_the_nesting_limit_allows ... ok
test reads_the_deepest_indentation_the_nesting_limit_allows ... ok
test refuses_indented_ids_nested_one_level_more_than_the_limit ... ok
test refuses_one_indentation_level_more_than_the_limit ... ok
test every_shared_case_reads_the_same_way ... ok
test measures_the_source_length_in_utf16_code_units ... ok
test reads_every_source_built_to_be_slow_within_the_limit ... ok

test result: ok. 11 passed; 0 failed; 0 ignored; 0 measured; 0 filtered out; finished in 0.62s

     Running tests/r151_authority.rs (rust/target/debug/deps/r151_authority-78047c4445065fe2)

running 1 test
test source_free_rust_authority_changes_parser_and_verifier ... ok

test result: ok. 1 passed; 0 failed; 0 ignored; 0 measured; 0 filtered out; finished in 0.18s

   Compiling relative-meta-logic v0.39.0 (/workspace/shared/rml-native-owned-replay-final/.rml-cache/scratch/1791434759999-5/rml-linked-rust-t6yPqD/rust)
    Finished `test` profile [unoptimized] target(s) in 1.13s
     Running tests/linked_proof_tests.rs (rust/target/debug/deps/linked_proof_tests-bc8eac7a721a3b1d)

running 1 test
test shared_linked_proof_adversarial_corpus ... ok

test result: ok. 1 passed; 0 failed; 0 ignored; 0 measured; 9 filtered out; finished in 2.47s

   Compiling relative-meta-logic v0.39.0 (/workspace/shared/rml-native-owned-replay-final/.rml-cache/scratch/1791434759999-5/rml-linked-rust-t6yPqD/rust)
   Compiling relative-meta-logic-control-flow v0.1.0 (/workspace/shared/rml-native-owned-replay-final/.rml-cache/scratch/1791434759999-5/rml-linked-rust-t6yPqD/rust/control-flow)
    Finished `test` profile [unoptimized] target(s) in 7.45s
     Running unittests src/lib.rs (rust/target/debug/deps/rml_control_flow-174a50ea78b08078)

running 0 tests

test result: ok. 0 passed; 0 failed; 0 ignored; 0 measured; 0 filtered out; finished in 0.00s

     Running unittests src/main.rs (rust/target/debug/deps/rml_control_flow-9227ed8dc06e9499)

running 0 tests

test result: ok. 0 passed; 0 failed; 0 ignored; 0 measured; 0 filtered out; finished in 0.00s

     Running tests/control_flow_tests.rs (rust/target/debug/deps/control_flow_tests-2ec5c152bfe592e4)

running 8 tests
test arithmetic_failures_are_not_proofs_or_exhaustion ... ok
test malformed_programs_cannot_claim_elaboration ... ok
test every_scalar_operation_matches_shared_expected_values ... ok
test companion_cli_runs_without_main_crate_exports ... ok
test replacing_a_linked_instruction_changes_native_execution ... ok
test shared_negative_semantic_corpus_rejects_exact_obligations ... ok
test lowered_rust_syntax_uses_the_same_native_machine ... ok
test shared_semantic_programs_execute_and_reload_without_source ... ok

test result: ok. 8 passed; 0 failed; 0 ignored; 0 measured; 0 filtered out; finished in 0.04s

   Compiling relative-meta-logic v0.39.0 (/workspace/shared/rml-native-owned-replay-final/.rml-cache/scratch/1791434759999-5/rml-linked-rust-t6yPqD/rust)
   Compiling rml-linked-target v0.1.0 (/workspace/shared/rml-native-owned-replay-final/.rml-cache/scratch/1791434759999-5/rml-linked-rust-t6yPqD/rust/linked-target)
warning: unnecessary parentheses around assigned value
 --> src/abi.rs:1:6108
  |
1 | ... = (if boolean (Value :: Bool (args [0] . clone () . is_string ())) ? { Value :: Bool (Value :: String (String :: from ("true")) == Value :: String (String :: from ("false"))) } else { (if boolean (Value :: Bool (array (args [0] . clone ()) ? . is_empty ())) ? { Value :: Bool (Value :: String (String :: from ("true")) == Value :: String (String :: from ("false"))) } else { Value :: Bool (head (args [0] . clone ()) ? == Value :: String (String :: from ("proof-accepted"))) }) }) ; ...
  |       ^                                                                                                                                                                                                                                                                                                                                                                                                                                                                                            ^
  |
  = note: `#[warn(unused_parens)]` (part of `#[warn(unused)]`) on by default
help: remove these parentheses
  |
1 - use serde_json :: Value ; const MAX_BYTES : usize = 16777216 ; const ALIGN : usize = 4 ; const MAX_DEPTH : usize = 256 ; const MAX_NODES : usize = 1000000 ; const MAX_TEXT : usize = 8388608 ; const NONEMPTY : bool = true ; const MAGIC : u32 = 1380797489 ; const TEXT : u32 = 1 ; const LIST : u32 = 2 ; const FM : usize = 0 ; const FR : usize = 4 ; const FE : usize = 8 ; const CT : usize = 0 ; const CP : usize = 4 ; const CL : usize = 8 ; fn put (memory : & mut [u8] , at : usize , value : usize) -> Result < () , String > { let value = u32 :: try_from (value) . map_err (| _ | "target word overflow") ? ; memory . get_mut (at .. at + 4) . ok_or ("target word bounds") ? . copy_from_slice (& value . to_le_bytes ()) ; Ok (()) } fn word (memory : & [u8] , at : usize) -> Result < usize , String > { let data : [u8 ; 4] = memory . get (at .. at . checked_add (4) . ok_or ("target address overflow") ?) . ok_or ("target word bounds") ? . try_into () . map_err (| _ | "target word width") ? ; Ok (u32 :: from_le_bytes (data) as usize) } fn allocate (memory : & mut Vec < u8 > , count : usize) -> Result < usize , String > { let at = memory . len () . checked_add (ALIGN - 1) . ok_or ("target address overflow") ? / ALIGN * ALIGN ; let end = at . checked_add (count) . ok_or ("target address overflow") ? ; if end > MAX_BYTES { return Err ("target memory limit" . into ()) } memory . resize (end , 0) ; Ok (at) } fn encode_value (value : & Value , depth : usize , memory : & mut Vec < u8 > , nodes : & mut usize , text : & mut usize) -> Result < usize , String > { if depth > MAX_DEPTH || * nodes >= MAX_NODES { return Err ("target term budget" . into ()) } * nodes += 1 ; let at = allocate (memory , 12) ? ; match value { Value :: String (s) => { if NONEMPTY && s . is_empty () { return Err ("target empty text" . into ()) } * text = text . checked_add (s . len ()) . ok_or ("target text overflow") ? ; if * text > MAX_TEXT { return Err ("target text limit" . into ()) } let payload = allocate (memory , s . len ()) ? ; memory [payload .. payload + s . len ()] . copy_from_slice (s . as_bytes ()) ; put (memory , at + CT , TEXT as usize) ? ; put (memory , at + CP , payload) ? ; put (memory , at + CL , s . len ()) ? ; } , Value :: Array (values) => { let payload = allocate (memory , values . len () . checked_mul (4) . ok_or ("target size overflow") ?) ? ; put (memory , at + CT , LIST as usize) ? ; put (memory , at + CP , payload) ? ; put (memory , at + CL , values . len ()) ? ; for (i , value) in values . iter () . enumerate () { let child = encode_value (value , depth + 1 , memory , nodes , text) ? ; put (memory , payload + i * 4 , child) ? ; } } , _ => return Err ("target requires terms" . into ()) } Ok (at) } pub fn encode_frame (value : & Value) -> Result < Vec < u8 > , String > { let mut memory = vec ! [0 ; 12] ; let root = encode_value (value , 1 , & mut memory , & mut 0 , & mut 0) ? ; let end = memory . len () ; put (& mut memory , FM , MAGIC as usize) ? ; put (& mut memory , FR , root) ? ; put (& mut memory , FE , end) ? ; Ok (memory) } fn span (memory : & [u8] , at : usize , len : usize) -> Result < () , String > { if at < 12 || at . checked_add (len) . ok_or ("target address overflow") ? > memory . len () { return Err ("target address bounds" . into ()) } Ok (()) } fn decode_value (memory : & [u8] , at : usize , depth : usize , nodes : & mut usize , text : & mut usize , seen : & mut std :: collections :: HashSet < usize >) -> Result < Value , String > { span (memory , at , 12) ? ; if at % ALIGN != 0 || ! seen . insert (at) || depth > MAX_DEPTH || * nodes >= MAX_NODES { return Err ("target term budget or alias" . into ()) } * nodes += 1 ; let tag = word (memory , at + CT) ? as u32 ; let payload = word (memory , at + CP) ? ; let len = word (memory , at + CL) ? ; if tag == TEXT { span (memory , payload , len) ? ; * text = text . checked_add (len) . ok_or ("target text overflow") ? ; if * text > MAX_TEXT { return Err ("target text limit" . into ()) } let s = std :: str :: from_utf8 (& memory [payload .. payload + len]) . map_err (| _ | "target invalid UTF-8") ? ; if NONEMPTY && s . is_empty () { return Err ("target empty text" . into ()) } return Ok (Value :: String (s . into ())) } if tag != LIST { return Err ("target unknown tag" . into ()) } span (memory , payload , len . checked_mul (4) . ok_or ("target size overflow") ?) ? ; if len > MAX_NODES { return Err ("target list limit" . into ()) } let mut result = Vec :: new () ; for i in 0 .. len { result . push (decode_value (memory , word (memory , payload + i * 4) ? , depth + 1 , nodes , text , seen) ?) } Ok (Value :: Array (result)) } pub fn decode_frame (memory : & [u8]) -> Result < Value , String > { if memory . len () < 24 || memory . len () > MAX_BYTES { return Err ("target frame size" . into ()) } if word (memory , FM) ? != MAGIC as usize || word (memory , FE) ? != memory . len () { return Err ("target frame header" . into ()) } let value = decode_value (memory , word (memory , FR) ? , 1 , & mut 0 , & mut 0 , & mut std :: collections :: HashSet :: new ()) ? ; if encode_frame (& value) ? != memory { return Err ("target noncanonical frame" . into ()) } Ok (value) } fn array (value : Value) -> Result < Vec < Value > , String > { match value { Value :: Array (v) => Ok (v) , _ => Err ("target expected list" . into ()) } } fn boolean (value : Value) -> Result < bool , String > { value . as_bool () . ok_or_else (| | "target expected boolean" . into ()) } fn head (value : Value) -> Result < Value , String > { array (value) ? . into_iter () . next () . ok_or_else (| | "target empty head" . into ()) } fn tail (value : Value) -> Result < Value , String > { let mut values = array (value) ? ; if values . is_empty () { return Err ("target empty tail" . into ()) } values . remove (0) ; Ok (Value :: Array (values)) } fn program_accepted (args : & [Value] , fuel : & mut usize , depth : & mut usize) -> Result < Value , String > { if args . len () != 1 || * fuel == 0 || * depth >= MAX_DEPTH { return Err ("target invocation/fuel/depth" . into ()) } * fuel -= 1 ; * depth += 1 ; let result = (if boolean (Value :: Bool (args [0] . clone () . is_string ())) ? { Value :: Bool (Value :: String (String :: from ("true")) == Value :: String (String :: from ("false"))) } else { (if boolean (Value :: Bool (array (args [0] . clone ()) ? . is_empty ())) ? { Value :: Bool (Value :: String (String :: from ("true")) == Value :: String (String :: from ("false"))) } else { Value :: Bool (head (args [0] . clone ()) ? == Value :: String (String :: from ("proof-accepted"))) }) }) ; * depth -= 1 ; Ok (result) } fn program_program (args : & [Value] , fuel : & mut usize , depth : & mut usize) -> Result < Value , String > { if args . len () != 0 || * fuel == 0 || * depth >= MAX_DEPTH { return Err ("target invocation/fuel/depth" . into ()) } * fuel -= 1 ; * depth += 1 ; let result = Value :: String (String :: from ("linked-proof-verifier")) ; * depth -= 1 ; Ok (result) } fn program_quote (args : & [Value] , fuel : & mut usize , depth : & mut usize) -> Result < Value , String > { if args . len () != 1 || * fuel == 0 || * depth >= MAX_DEPTH { return Err ("target invocation/fuel/depth" . into ()) } * fuel -= 1 ; * depth += 1 ; let result = (if boolean (Value :: Bool (args [0] . clone () . is_string ())) ? { Value :: Array (vec ! [Value :: String (String :: from ("atom")) , args [0] . clone ()]) } else { (if boolean (Value :: Bool (array (args [0] . clone ()) ? . is_empty ())) ? { Value :: Array (vec ! [Value :: String (String :: from ("list-end"))]) } else { Value :: Array (vec ! [Value :: String (String :: from ("pair")) , program_quote (& [head (args [0] . clone ()) ?] , fuel , depth) ?, program_quote (& [tail (args [0] . clone ()) ?] , fuel , depth) ?]) }) }) ; * depth -= 1 ; Ok (result) } fn program_receipt (args : & [Value] , fuel : & mut usize , depth : & mut usize) -> Result < Value , String > { if args . len () != 5 || * fuel == 0 || * depth >= MAX_DEPTH { return Err ("target invocation/fuel/depth" . into ()) } * fuel -= 1 ; * depth += 1 ; let result = Value :: Array (vec ! [Value :: String (String :: from ("rml-linked-proof-replay/v1")) , args [0] . clone () , (if boolean (program_accepted (& [args [2] . clone ()] , fuel , depth) ?) ? { Value :: String (String :: from ("true")) } else { Value :: String (String :: from ("false")) }) , args [1] . clone () , args [2] . clone () , args [3] . clone () , args [4] . clone ()]) ; * depth -= 1 ; Ok (result) } fn program_request (args : & [Value] , fuel : & mut usize , depth : & mut usize) -> Result < Value , String > { if args . len () != 3 || * fuel == 0 || * depth >= MAX_DEPTH { return Err ("target invocation/fuel/depth" . into ()) } * fuel -= 1 ; * depth += 1 ; let result = Value :: Array (vec ! [Value :: String (String :: from ("verify-linked-proof")) , program_quote (& [args [0] . clone ()] , fuel , depth) ?, program_quote (& [args [1] . clone ()] , fuel , depth) ?, program_quote (& [args [2] . clone ()] , fuel , depth) ?]) ; * depth -= 1 ; Ok (result) } pub fn execute_program (name : & str , args : & [Value]) -> Result < Value , String > { let mut fuel = 1000000 ; let mut depth = 0 ; match name { "accepted" => program_accepted (args , & mut fuel , & mut depth) , "program" => program_program (args , & mut fuel , & mut depth) , "quote" => program_quote (args , & mut fuel , & mut depth) , "receipt" => program_receipt (args , & mut fuel , & mut depth) , "request" => program_request (args , & mut fuel , & mut depth) , _ => Err ("unknown target program" . into ()) } }
1 + use serde_json :: Value ; const MAX_BYTES : usize = 16777216 ; const ALIGN : usize = 4 ; const MAX_DEPTH : usize = 256 ; const MAX_NODES : usize = 1000000 ; const MAX_TEXT : usize = 8388608 ; const NONEMPTY : bool = true ; const MAGIC : u32 = 1380797489 ; const TEXT : u32 = 1 ; const LIST : u32 = 2 ; const FM : usize = 0 ; const FR : usize = 4 ; const FE : usize = 8 ; const CT : usize = 0 ; const CP : usize = 4 ; const CL : usize = 8 ; fn put (memory : & mut [u8] , at : usize , value : usize) -> Result < () , String > { let value = u32 :: try_from (value) . map_err (| _ | "target word overflow") ? ; memory . get_mut (at .. at + 4) . ok_or ("target word bounds") ? . copy_from_slice (& value . to_le_bytes ()) ; Ok (()) } fn word (memory : & [u8] , at : usize) -> Result < usize , String > { let data : [u8 ; 4] = memory . get (at .. at . checked_add (4) . ok_or ("target address overflow") ?) . ok_or ("target word bounds") ? . try_into () . map_err (| _ | "target word width") ? ; Ok (u32 :: from_le_bytes (data) as usize) } fn allocate (memory : & mut Vec < u8 > , count : usize) -> Result < usize , String > { let at = memory . len () . checked_add (ALIGN - 1) . ok_or ("target address overflow") ? / ALIGN * ALIGN ; let end = at . checked_add (count) . ok_or ("target address overflow") ? ; if end > MAX_BYTES { return Err ("target memory limit" . into ()) } memory . resize (end , 0) ; Ok (at) } fn encode_value (value : & Value , depth : usize , memory : & mut Vec < u8 > , nodes : & mut usize , text : & mut usize) -> Result < usize , String > { if depth > MAX_DEPTH || * nodes >= MAX_NODES { return Err ("target term budget" . into ()) } * nodes += 1 ; let at = allocate (memory , 12) ? ; match value { Value :: String (s) => { if NONEMPTY && s . is_empty () { return Err ("target empty text" . into ()) } * text = text . checked_add (s . len ()) . ok_or ("target text overflow") ? ; if * text > MAX_TEXT { return Err ("target text limit" . into ()) } let payload = allocate (memory , s . len ()) ? ; memory [payload .. payload + s . len ()] . copy_from_slice (s . as_bytes ()) ; put (memory , at + CT , TEXT as usize) ? ; put (memory , at + CP , payload) ? ; put (memory , at + CL , s . len ()) ? ; } , Value :: Array (values) => { let payload = allocate (memory , values . len () . checked_mul (4) . ok_or ("target size overflow") ?) ? ; put (memory , at + CT , LIST as usize) ? ; put (memory , at + CP , payload) ? ; put (memory , at + CL , values . len ()) ? ; for (i , value) in values . iter () . enumerate () { let child = encode_value (value , depth + 1 , memory , nodes , text) ? ; put (memory , payload + i * 4 , child) ? ; } } , _ => return Err ("target requires terms" . into ()) } Ok (at) } pub fn encode_frame (value : & Value) -> Result < Vec < u8 > , String > { let mut memory = vec ! [0 ; 12] ; let root = encode_value (value , 1 , & mut memory , & mut 0 , & mut 0) ? ; let end = memory . len () ; put (& mut memory , FM , MAGIC as usize) ? ; put (& mut memory , FR , root) ? ; put (& mut memory , FE , end) ? ; Ok (memory) } fn span (memory : & [u8] , at : usize , len : usize) -> Result < () , String > { if at < 12 || at . checked_add (len) . ok_or ("target address overflow") ? > memory . len () { return Err ("target address bounds" . into ()) } Ok (()) } fn decode_value (memory : & [u8] , at : usize , depth : usize , nodes : & mut usize , text : & mut usize , seen : & mut std :: collections :: HashSet < usize >) -> Result < Value , String > { span (memory , at , 12) ? ; if at % ALIGN != 0 || ! seen . insert (at) || depth > MAX_DEPTH || * nodes >= MAX_NODES { return Err ("target term budget or alias" . into ()) } * nodes += 1 ; let tag = word (memory , at + CT) ? as u32 ; let payload = word (memory , at + CP) ? ; let len = word (memory , at + CL) ? ; if tag == TEXT { span (memory , payload , len) ? ; * text = text . checked_add (len) . ok_or ("target text overflow") ? ; if * text > MAX_TEXT { return Err ("target text limit" . into ()) } let s = std :: str :: from_utf8 (& memory [payload .. payload + len]) . map_err (| _ | "target invalid UTF-8") ? ; if NONEMPTY && s . is_empty () { return Err ("target empty text" . into ()) } return Ok (Value :: String (s . into ())) } if tag != LIST { return Err ("target unknown tag" . into ()) } span (memory , payload , len . checked_mul (4) . ok_or ("target size overflow") ?) ? ; if len > MAX_NODES { return Err ("target list limit" . into ()) } let mut result = Vec :: new () ; for i in 0 .. len { result . push (decode_value (memory , word (memory , payload + i * 4) ? , depth + 1 , nodes , text , seen) ?) } Ok (Value :: Array (result)) } pub fn decode_frame (memory : & [u8]) -> Result < Value , String > { if memory . len () < 24 || memory . len () > MAX_BYTES { return Err ("target frame size" . into ()) } if word (memory , FM) ? != MAGIC as usize || word (memory , FE) ? != memory . len () { return Err ("target frame header" . into ()) } let value = decode_value (memory , word (memory , FR) ? , 1 , & mut 0 , & mut 0 , & mut std :: collections :: HashSet :: new ()) ? ; if encode_frame (& value) ? != memory { return Err ("target noncanonical frame" . into ()) } Ok (value) } fn array (value : Value) -> Result < Vec < Value > , String > { match value { Value :: Array (v) => Ok (v) , _ => Err ("target expected list" . into ()) } } fn boolean (value : Value) -> Result < bool , String > { value . as_bool () . ok_or_else (| | "target expected boolean" . into ()) } fn head (value : Value) -> Result < Value , String > { array (value) ? . into_iter () . next () . ok_or_else (| | "target empty head" . into ()) } fn tail (value : Value) -> Result < Value , String > { let mut values = array (value) ? ; if values . is_empty () { return Err ("target empty tail" . into ()) } values . remove (0) ; Ok (Value :: Array (values)) } fn program_accepted (args : & [Value] , fuel : & mut usize , depth : & mut usize) -> Result < Value , String > { if args . len () != 1 || * fuel == 0 || * depth >= MAX_DEPTH { return Err ("target invocation/fuel/depth" . into ()) } * fuel -= 1 ; * depth += 1 ; let result = if boolean (Value :: Bool (args [0] . clone () . is_string ())) ? { Value :: Bool (Value :: String (String :: from ("true")) == Value :: String (String :: from ("false"))) } else { (if boolean (Value :: Bool (array (args [0] . clone ()) ? . is_empty ())) ? { Value :: Bool (Value :: String (String :: from ("true")) == Value :: String (String :: from ("false"))) } else { Value :: Bool (head (args [0] . clone ()) ? == Value :: String (String :: from ("proof-accepted"))) }) } ; * depth -= 1 ; Ok (result) } fn program_program (args : & [Value] , fuel : & mut usize , depth : & mut usize) -> Result < Value , String > { if args . len () != 0 || * fuel == 0 || * depth >= MAX_DEPTH { return Err ("target invocation/fuel/depth" . into ()) } * fuel -= 1 ; * depth += 1 ; let result = Value :: String (String :: from ("linked-proof-verifier")) ; * depth -= 1 ; Ok (result) } fn program_quote (args : & [Value] , fuel : & mut usize , depth : & mut usize) -> Result < Value , String > { if args . len () != 1 || * fuel == 0 || * depth >= MAX_DEPTH { return Err ("target invocation/fuel/depth" . into ()) } * fuel -= 1 ; * depth += 1 ; let result = (if boolean (Value :: Bool (args [0] . clone () . is_string ())) ? { Value :: Array (vec ! [Value :: String (String :: from ("atom")) , args [0] . clone ()]) } else { (if boolean (Value :: Bool (array (args [0] . clone ()) ? . is_empty ())) ? { Value :: Array (vec ! [Value :: String (String :: from ("list-end"))]) } else { Value :: Array (vec ! [Value :: String (String :: from ("pair")) , program_quote (& [head (args [0] . clone ()) ?] , fuel , depth) ?, program_quote (& [tail (args [0] . clone ()) ?] , fuel , depth) ?]) }) }) ; * depth -= 1 ; Ok (result) } fn program_receipt (args : & [Value] , fuel : & mut usize , depth : & mut usize) -> Result < Value , String > { if args . len () != 5 || * fuel == 0 || * depth >= MAX_DEPTH { return Err ("target invocation/fuel/depth" . into ()) } * fuel -= 1 ; * depth += 1 ; let result = Value :: Array (vec ! [Value :: String (String :: from ("rml-linked-proof-replay/v1")) , args [0] . clone () , (if boolean (program_accepted (& [args [2] . clone ()] , fuel , depth) ?) ? { Value :: String (String :: from ("true")) } else { Value :: String (String :: from ("false")) }) , args [1] . clone () , args [2] . clone () , args [3] . clone () , args [4] . clone ()]) ; * depth -= 1 ; Ok (result) } fn program_request (args : & [Value] , fuel : & mut usize , depth : & mut usize) -> Result < Value , String > { if args . len () != 3 || * fuel == 0 || * depth >= MAX_DEPTH { return Err ("target invocation/fuel/depth" . into ()) } * fuel -= 1 ; * depth += 1 ; let result = Value :: Array (vec ! [Value :: String (String :: from ("verify-linked-proof")) , program_quote (& [args [0] . clone ()] , fuel , depth) ?, program_quote (& [args [1] . clone ()] , fuel , depth) ?, program_quote (& [args [2] . clone ()] , fuel , depth) ?]) ; * depth -= 1 ; Ok (result) } pub fn execute_program (name : & str , args : & [Value]) -> Result < Value , String > { let mut fuel = 1000000 ; let mut depth = 0 ; match name { "accepted" => program_accepted (args , & mut fuel , & mut depth) , "program" => program_program (args , & mut fuel , & mut depth) , "quote" => program_quote (args , & mut fuel , & mut depth) , "receipt" => program_receipt (args , & mut fuel , & mut depth) , "request" => program_request (args , & mut fuel , & mut depth) , _ => Err ("unknown target program" . into ()) } }
  |

warning: unnecessary parentheses around block return value
 --> src/abi.rs:1:6290
  |
1 | ... { (if boolean (Value :: Bool (array (args [0] . clone ()) ? . is_empty ())) ? { Value :: Bool (Value :: String (String :: from ("true")) == Value :: String (String :: from ("false"))) } else { Value :: Bool (head (args [0] . clone ()) ? == Value :: String (String :: from ("proof-accepted"))) }) })...
  |       ^                                                                                                                                                                                                                                                                                                   ^
  |
help: remove these parentheses
  |
1 - use serde_json :: Value ; const MAX_BYTES : usize = 16777216 ; const ALIGN : usize = 4 ; const MAX_DEPTH : usize = 256 ; const MAX_NODES : usize = 1000000 ; const MAX_TEXT : usize = 8388608 ; const NONEMPTY : bool = true ; const MAGIC : u32 = 1380797489 ; const TEXT : u32 = 1 ; const LIST : u32 = 2 ; const FM : usize = 0 ; const FR : usize = 4 ; const FE : usize = 8 ; const CT : usize = 0 ; const CP : usize = 4 ; const CL : usize = 8 ; fn put (memory : & mut [u8] , at : usize , value : usize) -> Result < () , String > { let value = u32 :: try_from (value) . map_err (| _ | "target word overflow") ? ; memory . get_mut (at .. at + 4) . ok_or ("target word bounds") ? . copy_from_slice (& value . to_le_bytes ()) ; Ok (()) } fn word (memory : & [u8] , at : usize) -> Result < usize , String > { let data : [u8 ; 4] = memory . get (at .. at . checked_add (4) . ok_or ("target address overflow") ?) . ok_or ("target word bounds") ? . try_into () . map_err (| _ | "target word width") ? ; Ok (u32 :: from_le_bytes (data) as usize) } fn allocate (memory : & mut Vec < u8 > , count : usize) -> Result < usize , String > { let at = memory . len () . checked_add (ALIGN - 1) . ok_or ("target address overflow") ? / ALIGN * ALIGN ; let end = at . checked_add (count) . ok_or ("target address overflow") ? ; if end > MAX_BYTES { return Err ("target memory limit" . into ()) } memory . resize (end , 0) ; Ok (at) } fn encode_value (value : & Value , depth : usize , memory : & mut Vec < u8 > , nodes : & mut usize , text : & mut usize) -> Result < usize , String > { if depth > MAX_DEPTH || * nodes >= MAX_NODES { return Err ("target term budget" . into ()) } * nodes += 1 ; let at = allocate (memory , 12) ? ; match value { Value :: String (s) => { if NONEMPTY && s . is_empty () { return Err ("target empty text" . into ()) } * text = text . checked_add (s . len ()) . ok_or ("target text overflow") ? ; if * text > MAX_TEXT { return Err ("target text limit" . into ()) } let payload = allocate (memory , s . len ()) ? ; memory [payload .. payload + s . len ()] . copy_from_slice (s . as_bytes ()) ; put (memory , at + CT , TEXT as usize) ? ; put (memory , at + CP , payload) ? ; put (memory , at + CL , s . len ()) ? ; } , Value :: Array (values) => { let payload = allocate (memory , values . len () . checked_mul (4) . ok_or ("target size overflow") ?) ? ; put (memory , at + CT , LIST as usize) ? ; put (memory , at + CP , payload) ? ; put (memory , at + CL , values . len ()) ? ; for (i , value) in values . iter () . enumerate () { let child = encode_value (value , depth + 1 , memory , nodes , text) ? ; put (memory , payload + i * 4 , child) ? ; } } , _ => return Err ("target requires terms" . into ()) } Ok (at) } pub fn encode_frame (value : & Value) -> Result < Vec < u8 > , String > { let mut memory = vec ! [0 ; 12] ; let root = encode_value (value , 1 , & mut memory , & mut 0 , & mut 0) ? ; let end = memory . len () ; put (& mut memory , FM , MAGIC as usize) ? ; put (& mut memory , FR , root) ? ; put (& mut memory , FE , end) ? ; Ok (memory) } fn span (memory : & [u8] , at : usize , len : usize) -> Result < () , String > { if at < 12 || at . checked_add (len) . ok_or ("target address overflow") ? > memory . len () { return Err ("target address bounds" . into ()) } Ok (()) } fn decode_value (memory : & [u8] , at : usize , depth : usize , nodes : & mut usize , text : & mut usize , seen : & mut std :: collections :: HashSet < usize >) -> Result < Value , String > { span (memory , at , 12) ? ; if at % ALIGN != 0 || ! seen . insert (at) || depth > MAX_DEPTH || * nodes >= MAX_NODES { return Err ("target term budget or alias" . into ()) } * nodes += 1 ; let tag = word (memory , at + CT) ? as u32 ; let payload = word (memory , at + CP) ? ; let len = word (memory , at + CL) ? ; if tag == TEXT { span (memory , payload , len) ? ; * text = text . checked_add (len) . ok_or ("target text overflow") ? ; if * text > MAX_TEXT { return Err ("target text limit" . into ()) } let s = std :: str :: from_utf8 (& memory [payload .. payload + len]) . map_err (| _ | "target invalid UTF-8") ? ; if NONEMPTY && s . is_empty () { return Err ("target empty text" . into ()) } return Ok (Value :: String (s . into ())) } if tag != LIST { return Err ("target unknown tag" . into ()) } span (memory , payload , len . checked_mul (4) . ok_or ("target size overflow") ?) ? ; if len > MAX_NODES { return Err ("target list limit" . into ()) } let mut result = Vec :: new () ; for i in 0 .. len { result . push (decode_value (memory , word (memory , payload + i * 4) ? , depth + 1 , nodes , text , seen) ?) } Ok (Value :: Array (result)) } pub fn decode_frame (memory : & [u8]) -> Result < Value , String > { if memory . len () < 24 || memory . len () > MAX_BYTES { return Err ("target frame size" . into ()) } if word (memory , FM) ? != MAGIC as usize || word (memory , FE) ? != memory . len () { return Err ("target frame header" . into ()) } let value = decode_value (memory , word (memory , FR) ? , 1 , & mut 0 , & mut 0 , & mut std :: collections :: HashSet :: new ()) ? ; if encode_frame (& value) ? != memory { return Err ("target noncanonical frame" . into ()) } Ok (value) } fn array (value : Value) -> Result < Vec < Value > , String > { match value { Value :: Array (v) => Ok (v) , _ => Err ("target expected list" . into ()) } } fn boolean (value : Value) -> Result < bool , String > { value . as_bool () . ok_or_else (| | "target expected boolean" . into ()) } fn head (value : Value) -> Result < Value , String > { array (value) ? . into_iter () . next () . ok_or_else (| | "target empty head" . into ()) } fn tail (value : Value) -> Result < Value , String > { let mut values = array (value) ? ; if values . is_empty () { return Err ("target empty tail" . into ()) } values . remove (0) ; Ok (Value :: Array (values)) } fn program_accepted (args : & [Value] , fuel : & mut usize , depth : & mut usize) -> Result < Value , String > { if args . len () != 1 || * fuel == 0 || * depth >= MAX_DEPTH { return Err ("target invocation/fuel/depth" . into ()) } * fuel -= 1 ; * depth += 1 ; let result = (if boolean (Value :: Bool (args [0] . clone () . is_string ())) ? { Value :: Bool (Value :: String (String :: from ("true")) == Value :: String (String :: from ("false"))) } else { (if boolean (Value :: Bool (array (args [0] . clone ()) ? . is_empty ())) ? { Value :: Bool (Value :: String (String :: from ("true")) == Value :: String (String :: from ("false"))) } else { Value :: Bool (head (args [0] . clone ()) ? == Value :: String (String :: from ("proof-accepted"))) }) }) ; * depth -= 1 ; Ok (result) } fn program_program (args : & [Value] , fuel : & mut usize , depth : & mut usize) -> Result < Value , String > { if args . len () != 0 || * fuel == 0 || * depth >= MAX_DEPTH { return Err ("target invocation/fuel/depth" . into ()) } * fuel -= 1 ; * depth += 1 ; let result = Value :: String (String :: from ("linked-proof-verifier")) ; * depth -= 1 ; Ok (result) } fn program_quote (args : & [Value] , fuel : & mut usize , depth : & mut usize) -> Result < Value , String > { if args . len () != 1 || * fuel == 0 || * depth >= MAX_DEPTH { return Err ("target invocation/fuel/depth" . into ()) } * fuel -= 1 ; * depth += 1 ; let result = (if boolean (Value :: Bool (args [0] . clone () . is_string ())) ? { Value :: Array (vec ! [Value :: String (String :: from ("atom")) , args [0] . clone ()]) } else { (if boolean (Value :: Bool (array (args [0] . clone ()) ? . is_empty ())) ? { Value :: Array (vec ! [Value :: String (String :: from ("list-end"))]) } else { Value :: Array (vec ! [Value :: String (String :: from ("pair")) , program_quote (& [head (args [0] . clone ()) ?] , fuel , depth) ?, program_quote (& [tail (args [0] . clone ()) ?] , fuel , depth) ?]) }) }) ; * depth -= 1 ; Ok (result) } fn program_receipt (args : & [Value] , fuel : & mut usize , depth : & mut usize) -> Result < Value , String > { if args . len () != 5 || * fuel == 0 || * depth >= MAX_DEPTH { return Err ("target invocation/fuel/depth" . into ()) } * fuel -= 1 ; * depth += 1 ; let result = Value :: Array (vec ! [Value :: String (String :: from ("rml-linked-proof-replay/v1")) , args [0] . clone () , (if boolean (program_accepted (& [args [2] . clone ()] , fuel , depth) ?) ? { Value :: String (String :: from ("true")) } else { Value :: String (String :: from ("false")) }) , args [1] . clone () , args [2] . clone () , args [3] . clone () , args [4] . clone ()]) ; * depth -= 1 ; Ok (result) } fn program_request (args : & [Value] , fuel : & mut usize , depth : & mut usize) -> Result < Value , String > { if args . len () != 3 || * fuel == 0 || * depth >= MAX_DEPTH { return Err ("target invocation/fuel/depth" . into ()) } * fuel -= 1 ; * depth += 1 ; let result = Value :: Array (vec ! [Value :: String (String :: from ("verify-linked-proof")) , program_quote (& [args [0] . clone ()] , fuel , depth) ?, program_quote (& [args [1] . clone ()] , fuel , depth) ?, program_quote (& [args [2] . clone ()] , fuel , depth) ?]) ; * depth -= 1 ; Ok (result) } pub fn execute_program (name : & str , args : & [Value]) -> Result < Value , String > { let mut fuel = 1000000 ; let mut depth = 0 ; match name { "accepted" => program_accepted (args , & mut fuel , & mut depth) , "program" => program_program (args , & mut fuel , & mut depth) , "quote" => program_quote (args , & mut fuel , & mut depth) , "receipt" => program_receipt (args , & mut fuel , & mut depth) , "request" => program_request (args , & mut fuel , & mut depth) , _ => Err ("unknown target program" . into ()) } }
1 + use serde_json :: Value ; const MAX_BYTES : usize = 16777216 ; const ALIGN : usize = 4 ; const MAX_DEPTH : usize = 256 ; const MAX_NODES : usize = 1000000 ; const MAX_TEXT : usize = 8388608 ; const NONEMPTY : bool = true ; const MAGIC : u32 = 1380797489 ; const TEXT : u32 = 1 ; const LIST : u32 = 2 ; const FM : usize = 0 ; const FR : usize = 4 ; const FE : usize = 8 ; const CT : usize = 0 ; const CP : usize = 4 ; const CL : usize = 8 ; fn put (memory : & mut [u8] , at : usize , value : usize) -> Result < () , String > { let value = u32 :: try_from (value) . map_err (| _ | "target word overflow") ? ; memory . get_mut (at .. at + 4) . ok_or ("target word bounds") ? . copy_from_slice (& value . to_le_bytes ()) ; Ok (()) } fn word (memory : & [u8] , at : usize) -> Result < usize , String > { let data : [u8 ; 4] = memory . get (at .. at . checked_add (4) . ok_or ("target address overflow") ?) . ok_or ("target word bounds") ? . try_into () . map_err (| _ | "target word width") ? ; Ok (u32 :: from_le_bytes (data) as usize) } fn allocate (memory : & mut Vec < u8 > , count : usize) -> Result < usize , String > { let at = memory . len () . checked_add (ALIGN - 1) . ok_or ("target address overflow") ? / ALIGN * ALIGN ; let end = at . checked_add (count) . ok_or ("target address overflow") ? ; if end > MAX_BYTES { return Err ("target memory limit" . into ()) } memory . resize (end , 0) ; Ok (at) } fn encode_value (value : & Value , depth : usize , memory : & mut Vec < u8 > , nodes : & mut usize , text : & mut usize) -> Result < usize , String > { if depth > MAX_DEPTH || * nodes >= MAX_NODES { return Err ("target term budget" . into ()) } * nodes += 1 ; let at = allocate (memory , 12) ? ; match value { Value :: String (s) => { if NONEMPTY && s . is_empty () { return Err ("target empty text" . into ()) } * text = text . checked_add (s . len ()) . ok_or ("target text overflow") ? ; if * text > MAX_TEXT { return Err ("target text limit" . into ()) } let payload = allocate (memory , s . len ()) ? ; memory [payload .. payload + s . len ()] . copy_from_slice (s . as_bytes ()) ; put (memory , at + CT , TEXT as usize) ? ; put (memory , at + CP , payload) ? ; put (memory , at + CL , s . len ()) ? ; } , Value :: Array (values) => { let payload = allocate (memory , values . len () . checked_mul (4) . ok_or ("target size overflow") ?) ? ; put (memory , at + CT , LIST as usize) ? ; put (memory , at + CP , payload) ? ; put (memory , at + CL , values . len ()) ? ; for (i , value) in values . iter () . enumerate () { let child = encode_value (value , depth + 1 , memory , nodes , text) ? ; put (memory , payload + i * 4 , child) ? ; } } , _ => return Err ("target requires terms" . into ()) } Ok (at) } pub fn encode_frame (value : & Value) -> Result < Vec < u8 > , String > { let mut memory = vec ! [0 ; 12] ; let root = encode_value (value , 1 , & mut memory , & mut 0 , & mut 0) ? ; let end = memory . len () ; put (& mut memory , FM , MAGIC as usize) ? ; put (& mut memory , FR , root) ? ; put (& mut memory , FE , end) ? ; Ok (memory) } fn span (memory : & [u8] , at : usize , len : usize) -> Result < () , String > { if at < 12 || at . checked_add (len) . ok_or ("target address overflow") ? > memory . len () { return Err ("target address bounds" . into ()) } Ok (()) } fn decode_value (memory : & [u8] , at : usize , depth : usize , nodes : & mut usize , text : & mut usize , seen : & mut std :: collections :: HashSet < usize >) -> Result < Value , String > { span (memory , at , 12) ? ; if at % ALIGN != 0 || ! seen . insert (at) || depth > MAX_DEPTH || * nodes >= MAX_NODES { return Err ("target term budget or alias" . into ()) } * nodes += 1 ; let tag = word (memory , at + CT) ? as u32 ; let payload = word (memory , at + CP) ? ; let len = word (memory , at + CL) ? ; if tag == TEXT { span (memory , payload , len) ? ; * text = text . checked_add (len) . ok_or ("target text overflow") ? ; if * text > MAX_TEXT { return Err ("target text limit" . into ()) } let s = std :: str :: from_utf8 (& memory [payload .. payload + len]) . map_err (| _ | "target invalid UTF-8") ? ; if NONEMPTY && s . is_empty () { return Err ("target empty text" . into ()) } return Ok (Value :: String (s . into ())) } if tag != LIST { return Err ("target unknown tag" . into ()) } span (memory , payload , len . checked_mul (4) . ok_or ("target size overflow") ?) ? ; if len > MAX_NODES { return Err ("target list limit" . into ()) } let mut result = Vec :: new () ; for i in 0 .. len { result . push (decode_value (memory , word (memory , payload + i * 4) ? , depth + 1 , nodes , text , seen) ?) } Ok (Value :: Array (result)) } pub fn decode_frame (memory : & [u8]) -> Result < Value , String > { if memory . len () < 24 || memory . len () > MAX_BYTES { return Err ("target frame size" . into ()) } if word (memory , FM) ? != MAGIC as usize || word (memory , FE) ? != memory . len () { return Err ("target frame header" . into ()) } let value = decode_value (memory , word (memory , FR) ? , 1 , & mut 0 , & mut 0 , & mut std :: collections :: HashSet :: new ()) ? ; if encode_frame (& value) ? != memory { return Err ("target noncanonical frame" . into ()) } Ok (value) } fn array (value : Value) -> Result < Vec < Value > , String > { match value { Value :: Array (v) => Ok (v) , _ => Err ("target expected list" . into ()) } } fn boolean (value : Value) -> Result < bool , String > { value . as_bool () . ok_or_else (| | "target expected boolean" . into ()) } fn head (value : Value) -> Result < Value , String > { array (value) ? . into_iter () . next () . ok_or_else (| | "target empty head" . into ()) } fn tail (value : Value) -> Result < Value , String > { let mut values = array (value) ? ; if values . is_empty () { return Err ("target empty tail" . into ()) } values . remove (0) ; Ok (Value :: Array (values)) } fn program_accepted (args : & [Value] , fuel : & mut usize , depth : & mut usize) -> Result < Value , String > { if args . len () != 1 || * fuel == 0 || * depth >= MAX_DEPTH { return Err ("target invocation/fuel/depth" . into ()) } * fuel -= 1 ; * depth += 1 ; let result = (if boolean (Value :: Bool (args [0] . clone () . is_string ())) ? { Value :: Bool (Value :: String (String :: from ("true")) == Value :: String (String :: from ("false"))) } else { if boolean (Value :: Bool (array (args [0] . clone ()) ? . is_empty ())) ? { Value :: Bool (Value :: String (String :: from ("true")) == Value :: String (String :: from ("false"))) } else { Value :: Bool (head (args [0] . clone ()) ? == Value :: String (String :: from ("proof-accepted"))) } }) ; * depth -= 1 ; Ok (result) } fn program_program (args : & [Value] , fuel : & mut usize , depth : & mut usize) -> Result < Value , String > { if args . len () != 0 || * fuel == 0 || * depth >= MAX_DEPTH { return Err ("target invocation/fuel/depth" . into ()) } * fuel -= 1 ; * depth += 1 ; let result = Value :: String (String :: from ("linked-proof-verifier")) ; * depth -= 1 ; Ok (result) } fn program_quote (args : & [Value] , fuel : & mut usize , depth : & mut usize) -> Result < Value , String > { if args . len () != 1 || * fuel == 0 || * depth >= MAX_DEPTH { return Err ("target invocation/fuel/depth" . into ()) } * fuel -= 1 ; * depth += 1 ; let result = (if boolean (Value :: Bool (args [0] . clone () . is_string ())) ? { Value :: Array (vec ! [Value :: String (String :: from ("atom")) , args [0] . clone ()]) } else { (if boolean (Value :: Bool (array (args [0] . clone ()) ? . is_empty ())) ? { Value :: Array (vec ! [Value :: String (String :: from ("list-end"))]) } else { Value :: Array (vec ! [Value :: String (String :: from ("pair")) , program_quote (& [head (args [0] . clone ()) ?] , fuel , depth) ?, program_quote (& [tail (args [0] . clone ()) ?] , fuel , depth) ?]) }) }) ; * depth -= 1 ; Ok (result) } fn program_receipt (args : & [Value] , fuel : & mut usize , depth : & mut usize) -> Result < Value , String > { if args . len () != 5 || * fuel == 0 || * depth >= MAX_DEPTH { return Err ("target invocation/fuel/depth" . into ()) } * fuel -= 1 ; * depth += 1 ; let result = Value :: Array (vec ! [Value :: String (String :: from ("rml-linked-proof-replay/v1")) , args [0] . clone () , (if boolean (program_accepted (& [args [2] . clone ()] , fuel , depth) ?) ? { Value :: String (String :: from ("true")) } else { Value :: String (String :: from ("false")) }) , args [1] . clone () , args [2] . clone () , args [3] . clone () , args [4] . clone ()]) ; * depth -= 1 ; Ok (result) } fn program_request (args : & [Value] , fuel : & mut usize , depth : & mut usize) -> Result < Value , String > { if args . len () != 3 || * fuel == 0 || * depth >= MAX_DEPTH { return Err ("target invocation/fuel/depth" . into ()) } * fuel -= 1 ; * depth += 1 ; let result = Value :: Array (vec ! [Value :: String (String :: from ("verify-linked-proof")) , program_quote (& [args [0] . clone ()] , fuel , depth) ?, program_quote (& [args [1] . clone ()] , fuel , depth) ?, program_quote (& [args [2] . clone ()] , fuel , depth) ?]) ; * depth -= 1 ; Ok (result) } pub fn execute_program (name : & str , args : & [Value]) -> Result < Value , String > { let mut fuel = 1000000 ; let mut depth = 0 ; match name { "accepted" => program_accepted (args , & mut fuel , & mut depth) , "program" => program_program (args , & mut fuel , & mut depth) , "quote" => program_quote (args , & mut fuel , & mut depth) , "receipt" => program_receipt (args , & mut fuel , & mut depth) , "request" => program_request (args , & mut fuel , & mut depth) , _ => Err ("unknown target program" . into ()) } }
  |

warning: unnecessary parentheses around assigned value
 --> src/abi.rs:1:7252
  |
1 | ... = (if boolean (Value :: Bool (args [0] . clone () . is_string ())) ? { Value :: Array (vec ! [Value :: String (String :: from ("atom")) , args [0] . clone ()]) } else { (if boolean (Value :: Bool (array (args [0] . clone ()) ? . is_empty ())) ? { Value :: Array (vec ! [Value :: String (String :: from ("list-end"))]) } else { Value :: Array (vec ! [Value :: String (String :: from ("pair")) , program_quote (& [head (args [0] . clone ()) ?] , fuel , depth) ?, program_quote (& [tail (args [0] . clone ()) ?] , fuel , depth) ?]) }) }) ; ...
  |       ^                                                                                                                                                                                                                                                                                                                                                                                                                                                                                                                                                  ^
  |
help: remove these parentheses
  |
1 - use serde_json :: Value ; const MAX_BYTES : usize = 16777216 ; const ALIGN : usize = 4 ; const MAX_DEPTH : usize = 256 ; const MAX_NODES : usize = 1000000 ; const MAX_TEXT : usize = 8388608 ; const NONEMPTY : bool = true ; const MAGIC : u32 = 1380797489 ; const TEXT : u32 = 1 ; const LIST : u32 = 2 ; const FM : usize = 0 ; const FR : usize = 4 ; const FE : usize = 8 ; const CT : usize = 0 ; const CP : usize = 4 ; const CL : usize = 8 ; fn put (memory : & mut [u8] , at : usize , value : usize) -> Result < () , String > { let value = u32 :: try_from (value) . map_err (| _ | "target word overflow") ? ; memory . get_mut (at .. at + 4) . ok_or ("target word bounds") ? . copy_from_slice (& value . to_le_bytes ()) ; Ok (()) } fn word (memory : & [u8] , at : usize) -> Result < usize , String > { let data : [u8 ; 4] = memory . get (at .. at . checked_add (4) . ok_or ("target address overflow") ?) . ok_or ("target word bounds") ? . try_into () . map_err (| _ | "target word width") ? ; Ok (u32 :: from_le_bytes (data) as usize) } fn allocate (memory : & mut Vec < u8 > , count : usize) -> Result < usize , String > { let at = memory . len () . checked_add (ALIGN - 1) . ok_or ("target address overflow") ? / ALIGN * ALIGN ; let end = at . checked_add (count) . ok_or ("target address overflow") ? ; if end > MAX_BYTES { return Err ("target memory limit" . into ()) } memory . resize (end , 0) ; Ok (at) } fn encode_value (value : & Value , depth : usize , memory : & mut Vec < u8 > , nodes : & mut usize , text : & mut usize) -> Result < usize , String > { if depth > MAX_DEPTH || * nodes >= MAX_NODES { return Err ("target term budget" . into ()) } * nodes += 1 ; let at = allocate (memory , 12) ? ; match value { Value :: String (s) => { if NONEMPTY && s . is_empty () { return Err ("target empty text" . into ()) } * text = text . checked_add (s . len ()) . ok_or ("target text overflow") ? ; if * text > MAX_TEXT { return Err ("target text limit" . into ()) } let payload = allocate (memory , s . len ()) ? ; memory [payload .. payload + s . len ()] . copy_from_slice (s . as_bytes ()) ; put (memory , at + CT , TEXT as usize) ? ; put (memory , at + CP , payload) ? ; put (memory , at + CL , s . len ()) ? ; } , Value :: Array (values) => { let payload = allocate (memory , values . len () . checked_mul (4) . ok_or ("target size overflow") ?) ? ; put (memory , at + CT , LIST as usize) ? ; put (memory , at + CP , payload) ? ; put (memory , at + CL , values . len ()) ? ; for (i , value) in values . iter () . enumerate () { let child = encode_value (value , depth + 1 , memory , nodes , text) ? ; put (memory , payload + i * 4 , child) ? ; } } , _ => return Err ("target requires terms" . into ()) } Ok (at) } pub fn encode_frame (value : & Value) -> Result < Vec < u8 > , String > { let mut memory = vec ! [0 ; 12] ; let root = encode_value (value , 1 , & mut memory , & mut 0 , & mut 0) ? ; let end = memory . len () ; put (& mut memory , FM , MAGIC as usize) ? ; put (& mut memory , FR , root) ? ; put (& mut memory , FE , end) ? ; Ok (memory) } fn span (memory : & [u8] , at : usize , len : usize) -> Result < () , String > { if at < 12 || at . checked_add (len) . ok_or ("target address overflow") ? > memory . len () { return Err ("target address bounds" . into ()) } Ok (()) } fn decode_value (memory : & [u8] , at : usize , depth : usize , nodes : & mut usize , text : & mut usize , seen : & mut std :: collections :: HashSet < usize >) -> Result < Value , String > { span (memory , at , 12) ? ; if at % ALIGN != 0 || ! seen . insert (at) || depth > MAX_DEPTH || * nodes >= MAX_NODES { return Err ("target term budget or alias" . into ()) } * nodes += 1 ; let tag = word (memory , at + CT) ? as u32 ; let payload = word (memory , at + CP) ? ; let len = word (memory , at + CL) ? ; if tag == TEXT { span (memory , payload , len) ? ; * text = text . checked_add (len) . ok_or ("target text overflow") ? ; if * text > MAX_TEXT { return Err ("target text limit" . into ()) } let s = std :: str :: from_utf8 (& memory [payload .. payload + len]) . map_err (| _ | "target invalid UTF-8") ? ; if NONEMPTY && s . is_empty () { return Err ("target empty text" . into ()) } return Ok (Value :: String (s . into ())) } if tag != LIST { return Err ("target unknown tag" . into ()) } span (memory , payload , len . checked_mul (4) . ok_or ("target size overflow") ?) ? ; if len > MAX_NODES { return Err ("target list limit" . into ()) } let mut result = Vec :: new () ; for i in 0 .. len { result . push (decode_value (memory , word (memory , payload + i * 4) ? , depth + 1 , nodes , text , seen) ?) } Ok (Value :: Array (result)) } pub fn decode_frame (memory : & [u8]) -> Result < Value , String > { if memory . len () < 24 || memory . len () > MAX_BYTES { return Err ("target frame size" . into ()) } if word (memory , FM) ? != MAGIC as usize || word (memory , FE) ? != memory . len () { return Err ("target frame header" . into ()) } let value = decode_value (memory , word (memory , FR) ? , 1 , & mut 0 , & mut 0 , & mut std :: collections :: HashSet :: new ()) ? ; if encode_frame (& value) ? != memory { return Err ("target noncanonical frame" . into ()) } Ok (value) } fn array (value : Value) -> Result < Vec < Value > , String > { match value { Value :: Array (v) => Ok (v) , _ => Err ("target expected list" . into ()) } } fn boolean (value : Value) -> Result < bool , String > { value . as_bool () . ok_or_else (| | "target expected boolean" . into ()) } fn head (value : Value) -> Result < Value , String > { array (value) ? . into_iter () . next () . ok_or_else (| | "target empty head" . into ()) } fn tail (value : Value) -> Result < Value , String > { let mut values = array (value) ? ; if values . is_empty () { return Err ("target empty tail" . into ()) } values . remove (0) ; Ok (Value :: Array (values)) } fn program_accepted (args : & [Value] , fuel : & mut usize , depth : & mut usize) -> Result < Value , String > { if args . len () != 1 || * fuel == 0 || * depth >= MAX_DEPTH { return Err ("target invocation/fuel/depth" . into ()) } * fuel -= 1 ; * depth += 1 ; let result = (if boolean (Value :: Bool (args [0] . clone () . is_string ())) ? { Value :: Bool (Value :: String (String :: from ("true")) == Value :: String (String :: from ("false"))) } else { (if boolean (Value :: Bool (array (args [0] . clone ()) ? . is_empty ())) ? { Value :: Bool (Value :: String (String :: from ("true")) == Value :: String (String :: from ("false"))) } else { Value :: Bool (head (args [0] . clone ()) ? == Value :: String (String :: from ("proof-accepted"))) }) }) ; * depth -= 1 ; Ok (result) } fn program_program (args : & [Value] , fuel : & mut usize , depth : & mut usize) -> Result < Value , String > { if args . len () != 0 || * fuel == 0 || * depth >= MAX_DEPTH { return Err ("target invocation/fuel/depth" . into ()) } * fuel -= 1 ; * depth += 1 ; let result = Value :: String (String :: from ("linked-proof-verifier")) ; * depth -= 1 ; Ok (result) } fn program_quote (args : & [Value] , fuel : & mut usize , depth : & mut usize) -> Result < Value , String > { if args . len () != 1 || * fuel == 0 || * depth >= MAX_DEPTH { return Err ("target invocation/fuel/depth" . into ()) } * fuel -= 1 ; * depth += 1 ; let result = (if boolean (Value :: Bool (args [0] . clone () . is_string ())) ? { Value :: Array (vec ! [Value :: String (String :: from ("atom")) , args [0] . clone ()]) } else { (if boolean (Value :: Bool (array (args [0] . clone ()) ? . is_empty ())) ? { Value :: Array (vec ! [Value :: String (String :: from ("list-end"))]) } else { Value :: Array (vec ! [Value :: String (String :: from ("pair")) , program_quote (& [head (args [0] . clone ()) ?] , fuel , depth) ?, program_quote (& [tail (args [0] . clone ()) ?] , fuel , depth) ?]) }) }) ; * depth -= 1 ; Ok (result) } fn program_receipt (args : & [Value] , fuel : & mut usize , depth : & mut usize) -> Result < Value , String > { if args . len () != 5 || * fuel == 0 || * depth >= MAX_DEPTH { return Err ("target invocation/fuel/depth" . into ()) } * fuel -= 1 ; * depth += 1 ; let result = Value :: Array (vec ! [Value :: String (String :: from ("rml-linked-proof-replay/v1")) , args [0] . clone () , (if boolean (program_accepted (& [args [2] . clone ()] , fuel , depth) ?) ? { Value :: String (String :: from ("true")) } else { Value :: String (String :: from ("false")) }) , args [1] . clone () , args [2] . clone () , args [3] . clone () , args [4] . clone ()]) ; * depth -= 1 ; Ok (result) } fn program_request (args : & [Value] , fuel : & mut usize , depth : & mut usize) -> Result < Value , String > { if args . len () != 3 || * fuel == 0 || * depth >= MAX_DEPTH { return Err ("target invocation/fuel/depth" . into ()) } * fuel -= 1 ; * depth += 1 ; let result = Value :: Array (vec ! [Value :: String (String :: from ("verify-linked-proof")) , program_quote (& [args [0] . clone ()] , fuel , depth) ?, program_quote (& [args [1] . clone ()] , fuel , depth) ?, program_quote (& [args [2] . clone ()] , fuel , depth) ?]) ; * depth -= 1 ; Ok (result) } pub fn execute_program (name : & str , args : & [Value]) -> Result < Value , String > { let mut fuel = 1000000 ; let mut depth = 0 ; match name { "accepted" => program_accepted (args , & mut fuel , & mut depth) , "program" => program_program (args , & mut fuel , & mut depth) , "quote" => program_quote (args , & mut fuel , & mut depth) , "receipt" => program_receipt (args , & mut fuel , & mut depth) , "request" => program_request (args , & mut fuel , & mut depth) , _ => Err ("unknown target program" . into ()) } }
1 + use serde_json :: Value ; const MAX_BYTES : usize = 16777216 ; const ALIGN : usize = 4 ; const MAX_DEPTH : usize = 256 ; const MAX_NODES : usize = 1000000 ; const MAX_TEXT : usize = 8388608 ; const NONEMPTY : bool = true ; const MAGIC : u32 = 1380797489 ; const TEXT : u32 = 1 ; const LIST : u32 = 2 ; const FM : usize = 0 ; const FR : usize = 4 ; const FE : usize = 8 ; const CT : usize = 0 ; const CP : usize = 4 ; const CL : usize = 8 ; fn put (memory : & mut [u8] , at : usize , value : usize) -> Result < () , String > { let value = u32 :: try_from (value) . map_err (| _ | "target word overflow") ? ; memory . get_mut (at .. at + 4) . ok_or ("target word bounds") ? . copy_from_slice (& value . to_le_bytes ()) ; Ok (()) } fn word (memory : & [u8] , at : usize) -> Result < usize , String > { let data : [u8 ; 4] = memory . get (at .. at . checked_add (4) . ok_or ("target address overflow") ?) . ok_or ("target word bounds") ? . try_into () . map_err (| _ | "target word width") ? ; Ok (u32 :: from_le_bytes (data) as usize) } fn allocate (memory : & mut Vec < u8 > , count : usize) -> Result < usize , String > { let at = memory . len () . checked_add (ALIGN - 1) . ok_or ("target address overflow") ? / ALIGN * ALIGN ; let end = at . checked_add (count) . ok_or ("target address overflow") ? ; if end > MAX_BYTES { return Err ("target memory limit" . into ()) } memory . resize (end , 0) ; Ok (at) } fn encode_value (value : & Value , depth : usize , memory : & mut Vec < u8 > , nodes : & mut usize , text : & mut usize) -> Result < usize , String > { if depth > MAX_DEPTH || * nodes >= MAX_NODES { return Err ("target term budget" . into ()) } * nodes += 1 ; let at = allocate (memory , 12) ? ; match value { Value :: String (s) => { if NONEMPTY && s . is_empty () { return Err ("target empty text" . into ()) } * text = text . checked_add (s . len ()) . ok_or ("target text overflow") ? ; if * text > MAX_TEXT { return Err ("target text limit" . into ()) } let payload = allocate (memory , s . len ()) ? ; memory [payload .. payload + s . len ()] . copy_from_slice (s . as_bytes ()) ; put (memory , at + CT , TEXT as usize) ? ; put (memory , at + CP , payload) ? ; put (memory , at + CL , s . len ()) ? ; } , Value :: Array (values) => { let payload = allocate (memory , values . len () . checked_mul (4) . ok_or ("target size overflow") ?) ? ; put (memory , at + CT , LIST as usize) ? ; put (memory , at + CP , payload) ? ; put (memory , at + CL , values . len ()) ? ; for (i , value) in values . iter () . enumerate () { let child = encode_value (value , depth + 1 , memory , nodes , text) ? ; put (memory , payload + i * 4 , child) ? ; } } , _ => return Err ("target requires terms" . into ()) } Ok (at) } pub fn encode_frame (value : & Value) -> Result < Vec < u8 > , String > { let mut memory = vec ! [0 ; 12] ; let root = encode_value (value , 1 , & mut memory , & mut 0 , & mut 0) ? ; let end = memory . len () ; put (& mut memory , FM , MAGIC as usize) ? ; put (& mut memory , FR , root) ? ; put (& mut memory , FE , end) ? ; Ok (memory) } fn span (memory : & [u8] , at : usize , len : usize) -> Result < () , String > { if at < 12 || at . checked_add (len) . ok_or ("target address overflow") ? > memory . len () { return Err ("target address bounds" . into ()) } Ok (()) } fn decode_value (memory : & [u8] , at : usize , depth : usize , nodes : & mut usize , text : & mut usize , seen : & mut std :: collections :: HashSet < usize >) -> Result < Value , String > { span (memory , at , 12) ? ; if at % ALIGN != 0 || ! seen . insert (at) || depth > MAX_DEPTH || * nodes >= MAX_NODES { return Err ("target term budget or alias" . into ()) } * nodes += 1 ; let tag = word (memory , at + CT) ? as u32 ; let payload = word (memory , at + CP) ? ; let len = word (memory , at + CL) ? ; if tag == TEXT { span (memory , payload , len) ? ; * text = text . checked_add (len) . ok_or ("target text overflow") ? ; if * text > MAX_TEXT { return Err ("target text limit" . into ()) } let s = std :: str :: from_utf8 (& memory [payload .. payload + len]) . map_err (| _ | "target invalid UTF-8") ? ; if NONEMPTY && s . is_empty () { return Err ("target empty text" . into ()) } return Ok (Value :: String (s . into ())) } if tag != LIST { return Err ("target unknown tag" . into ()) } span (memory , payload , len . checked_mul (4) . ok_or ("target size overflow") ?) ? ; if len > MAX_NODES { return Err ("target list limit" . into ()) } let mut result = Vec :: new () ; for i in 0 .. len { result . push (decode_value (memory , word (memory , payload + i * 4) ? , depth + 1 , nodes , text , seen) ?) } Ok (Value :: Array (result)) } pub fn decode_frame (memory : & [u8]) -> Result < Value , String > { if memory . len () < 24 || memory . len () > MAX_BYTES { return Err ("target frame size" . into ()) } if word (memory , FM) ? != MAGIC as usize || word (memory , FE) ? != memory . len () { return Err ("target frame header" . into ()) } let value = decode_value (memory , word (memory , FR) ? , 1 , & mut 0 , & mut 0 , & mut std :: collections :: HashSet :: new ()) ? ; if encode_frame (& value) ? != memory { return Err ("target noncanonical frame" . into ()) } Ok (value) } fn array (value : Value) -> Result < Vec < Value > , String > { match value { Value :: Array (v) => Ok (v) , _ => Err ("target expected list" . into ()) } } fn boolean (value : Value) -> Result < bool , String > { value . as_bool () . ok_or_else (| | "target expected boolean" . into ()) } fn head (value : Value) -> Result < Value , String > { array (value) ? . into_iter () . next () . ok_or_else (| | "target empty head" . into ()) } fn tail (value : Value) -> Result < Value , String > { let mut values = array (value) ? ; if values . is_empty () { return Err ("target empty tail" . into ()) } values . remove (0) ; Ok (Value :: Array (values)) } fn program_accepted (args : & [Value] , fuel : & mut usize , depth : & mut usize) -> Result < Value , String > { if args . len () != 1 || * fuel == 0 || * depth >= MAX_DEPTH { return Err ("target invocation/fuel/depth" . into ()) } * fuel -= 1 ; * depth += 1 ; let result = (if boolean (Value :: Bool (args [0] . clone () . is_string ())) ? { Value :: Bool (Value :: String (String :: from ("true")) == Value :: String (String :: from ("false"))) } else { (if boolean (Value :: Bool (array (args [0] . clone ()) ? . is_empty ())) ? { Value :: Bool (Value :: String (String :: from ("true")) == Value :: String (String :: from ("false"))) } else { Value :: Bool (head (args [0] . clone ()) ? == Value :: String (String :: from ("proof-accepted"))) }) }) ; * depth -= 1 ; Ok (result) } fn program_program (args : & [Value] , fuel : & mut usize , depth : & mut usize) -> Result < Value , String > { if args . len () != 0 || * fuel == 0 || * depth >= MAX_DEPTH { return Err ("target invocation/fuel/depth" . into ()) } * fuel -= 1 ; * depth += 1 ; let result = Value :: String (String :: from ("linked-proof-verifier")) ; * depth -= 1 ; Ok (result) } fn program_quote (args : & [Value] , fuel : & mut usize , depth : & mut usize) -> Result < Value , String > { if args . len () != 1 || * fuel == 0 || * depth >= MAX_DEPTH { return Err ("target invocation/fuel/depth" . into ()) } * fuel -= 1 ; * depth += 1 ; let result = if boolean (Value :: Bool (args [0] . clone () . is_string ())) ? { Value :: Array (vec ! [Value :: String (String :: from ("atom")) , args [0] . clone ()]) } else { (if boolean (Value :: Bool (array (args [0] . clone ()) ? . is_empty ())) ? { Value :: Array (vec ! [Value :: String (String :: from ("list-end"))]) } else { Value :: Array (vec ! [Value :: String (String :: from ("pair")) , program_quote (& [head (args [0] . clone ()) ?] , fuel , depth) ?, program_quote (& [tail (args [0] . clone ()) ?] , fuel , depth) ?]) }) } ; * depth -= 1 ; Ok (result) } fn program_receipt (args : & [Value] , fuel : & mut usize , depth : & mut usize) -> Result < Value , String > { if args . len () != 5 || * fuel == 0 || * depth >= MAX_DEPTH { return Err ("target invocation/fuel/depth" . into ()) } * fuel -= 1 ; * depth += 1 ; let result = Value :: Array (vec ! [Value :: String (String :: from ("rml-linked-proof-replay/v1")) , args [0] . clone () , (if boolean (program_accepted (& [args [2] . clone ()] , fuel , depth) ?) ? { Value :: String (String :: from ("true")) } else { Value :: String (String :: from ("false")) }) , args [1] . clone () , args [2] . clone () , args [3] . clone () , args [4] . clone ()]) ; * depth -= 1 ; Ok (result) } fn program_request (args : & [Value] , fuel : & mut usize , depth : & mut usize) -> Result < Value , String > { if args . len () != 3 || * fuel == 0 || * depth >= MAX_DEPTH { return Err ("target invocation/fuel/depth" . into ()) } * fuel -= 1 ; * depth += 1 ; let result = Value :: Array (vec ! [Value :: String (String :: from ("verify-linked-proof")) , program_quote (& [args [0] . clone ()] , fuel , depth) ?, program_quote (& [args [1] . clone ()] , fuel , depth) ?, program_quote (& [args [2] . clone ()] , fuel , depth) ?]) ; * depth -= 1 ; Ok (result) } pub fn execute_program (name : & str , args : & [Value]) -> Result < Value , String > { let mut fuel = 1000000 ; let mut depth = 0 ; match name { "accepted" => program_accepted (args , & mut fuel , & mut depth) , "program" => program_program (args , & mut fuel , & mut depth) , "quote" => program_quote (args , & mut fuel , & mut depth) , "receipt" => program_receipt (args , & mut fuel , & mut depth) , "request" => program_request (args , & mut fuel , & mut depth) , _ => Err ("unknown target program" . into ()) } }
  |

warning: unnecessary parentheses around block return value
 --> src/abi.rs:1:7419
  |
1 | ... { (if boolean (Value :: Bool (array (args [0] . clone ()) ? . is_empty ())) ? { Value :: Array (vec ! [Value :: String (String :: from ("list-end"))]) } else { Value :: Array (vec ! [Value :: String (String :: from ("pair")) , program_quote (& [head (args [0] . clone ()) ?] , fuel , depth) ?, program_quote (& [tail (args [0] . clone ()) ?] , fuel , depth) ?]) }) })...
  |       ^                                                                                                                                                                                                                                                                                                                                                                        ^
  |
help: remove these parentheses
  |
1 - use serde_json :: Value ; const MAX_BYTES : usize = 16777216 ; const ALIGN : usize = 4 ; const MAX_DEPTH : usize = 256 ; const MAX_NODES : usize = 1000000 ; const MAX_TEXT : usize = 8388608 ; const NONEMPTY : bool = true ; const MAGIC : u32 = 1380797489 ; const TEXT : u32 = 1 ; const LIST : u32 = 2 ; const FM : usize = 0 ; const FR : usize = 4 ; const FE : usize = 8 ; const CT : usize = 0 ; const CP : usize = 4 ; const CL : usize = 8 ; fn put (memory : & mut [u8] , at : usize , value : usize) -> Result < () , String > { let value = u32 :: try_from (value) . map_err (| _ | "target word overflow") ? ; memory . get_mut (at .. at + 4) . ok_or ("target word bounds") ? . copy_from_slice (& value . to_le_bytes ()) ; Ok (()) } fn word (memory : & [u8] , at : usize) -> Result < usize , String > { let data : [u8 ; 4] = memory . get (at .. at . checked_add (4) . ok_or ("target address overflow") ?) . ok_or ("target word bounds") ? . try_into () . map_err (| _ | "target word width") ? ; Ok (u32 :: from_le_bytes (data) as usize) } fn allocate (memory : & mut Vec < u8 > , count : usize) -> Result < usize , String > { let at = memory . len () . checked_add (ALIGN - 1) . ok_or ("target address overflow") ? / ALIGN * ALIGN ; let end = at . checked_add (count) . ok_or ("target address overflow") ? ; if end > MAX_BYTES { return Err ("target memory limit" . into ()) } memory . resize (end , 0) ; Ok (at) } fn encode_value (value : & Value , depth : usize , memory : & mut Vec < u8 > , nodes : & mut usize , text : & mut usize) -> Result < usize , String > { if depth > MAX_DEPTH || * nodes >= MAX_NODES { return Err ("target term budget" . into ()) } * nodes += 1 ; let at = allocate (memory , 12) ? ; match value { Value :: String (s) => { if NONEMPTY && s . is_empty () { return Err ("target empty text" . into ()) } * text = text . checked_add (s . len ()) . ok_or ("target text overflow") ? ; if * text > MAX_TEXT { return Err ("target text limit" . into ()) } let payload = allocate (memory , s . len ()) ? ; memory [payload .. payload + s . len ()] . copy_from_slice (s . as_bytes ()) ; put (memory , at + CT , TEXT as usize) ? ; put (memory , at + CP , payload) ? ; put (memory , at + CL , s . len ()) ? ; } , Value :: Array (values) => { let payload = allocate (memory , values . len () . checked_mul (4) . ok_or ("target size overflow") ?) ? ; put (memory , at + CT , LIST as usize) ? ; put (memory , at + CP , payload) ? ; put (memory , at + CL , values . len ()) ? ; for (i , value) in values . iter () . enumerate () { let child = encode_value (value , depth + 1 , memory , nodes , text) ? ; put (memory , payload + i * 4 , child) ? ; } } , _ => return Err ("target requires terms" . into ()) } Ok (at) } pub fn encode_frame (value : & Value) -> Result < Vec < u8 > , String > { let mut memory = vec ! [0 ; 12] ; let root = encode_value (value , 1 , & mut memory , & mut 0 , & mut 0) ? ; let end = memory . len () ; put (& mut memory , FM , MAGIC as usize) ? ; put (& mut memory , FR , root) ? ; put (& mut memory , FE , end) ? ; Ok (memory) } fn span (memory : & [u8] , at : usize , len : usize) -> Result < () , String > { if at < 12 || at . checked_add (len) . ok_or ("target address overflow") ? > memory . len () { return Err ("target address bounds" . into ()) } Ok (()) } fn decode_value (memory : & [u8] , at : usize , depth : usize , nodes : & mut usize , text : & mut usize , seen : & mut std :: collections :: HashSet < usize >) -> Result < Value , String > { span (memory , at , 12) ? ; if at % ALIGN != 0 || ! seen . insert (at) || depth > MAX_DEPTH || * nodes >= MAX_NODES { return Err ("target term budget or alias" . into ()) } * nodes += 1 ; let tag = word (memory , at + CT) ? as u32 ; let payload = word (memory , at + CP) ? ; let len = word (memory , at + CL) ? ; if tag == TEXT { span (memory , payload , len) ? ; * text = text . checked_add (len) . ok_or ("target text overflow") ? ; if * text > MAX_TEXT { return Err ("target text limit" . into ()) } let s = std :: str :: from_utf8 (& memory [payload .. payload + len]) . map_err (| _ | "target invalid UTF-8") ? ; if NONEMPTY && s . is_empty () { return Err ("target empty text" . into ()) } return Ok (Value :: String (s . into ())) } if tag != LIST { return Err ("target unknown tag" . into ()) } span (memory , payload , len . checked_mul (4) . ok_or ("target size overflow") ?) ? ; if len > MAX_NODES { return Err ("target list limit" . into ()) } let mut result = Vec :: new () ; for i in 0 .. len { result . push (decode_value (memory , word (memory , payload + i * 4) ? , depth + 1 , nodes , text , seen) ?) } Ok (Value :: Array (result)) } pub fn decode_frame (memory : & [u8]) -> Result < Value , String > { if memory . len () < 24 || memory . len () > MAX_BYTES { return Err ("target frame size" . into ()) } if word (memory , FM) ? != MAGIC as usize || word (memory , FE) ? != memory . len () { return Err ("target frame header" . into ()) } let value = decode_value (memory , word (memory , FR) ? , 1 , & mut 0 , & mut 0 , & mut std :: collections :: HashSet :: new ()) ? ; if encode_frame (& value) ? != memory { return Err ("target noncanonical frame" . into ()) } Ok (value) } fn array (value : Value) -> Result < Vec < Value > , String > { match value { Value :: Array (v) => Ok (v) , _ => Err ("target expected list" . into ()) } } fn boolean (value : Value) -> Result < bool , String > { value . as_bool () . ok_or_else (| | "target expected boolean" . into ()) } fn head (value : Value) -> Result < Value , String > { array (value) ? . into_iter () . next () . ok_or_else (| | "target empty head" . into ()) } fn tail (value : Value) -> Result < Value , String > { let mut values = array (value) ? ; if values . is_empty () { return Err ("target empty tail" . into ()) } values . remove (0) ; Ok (Value :: Array (values)) } fn program_accepted (args : & [Value] , fuel : & mut usize , depth : & mut usize) -> Result < Value , String > { if args . len () != 1 || * fuel == 0 || * depth >= MAX_DEPTH { return Err ("target invocation/fuel/depth" . into ()) } * fuel -= 1 ; * depth += 1 ; let result = (if boolean (Value :: Bool (args [0] . clone () . is_string ())) ? { Value :: Bool (Value :: String (String :: from ("true")) == Value :: String (String :: from ("false"))) } else { (if boolean (Value :: Bool (array (args [0] . clone ()) ? . is_empty ())) ? { Value :: Bool (Value :: String (String :: from ("true")) == Value :: String (String :: from ("false"))) } else { Value :: Bool (head (args [0] . clone ()) ? == Value :: String (String :: from ("proof-accepted"))) }) }) ; * depth -= 1 ; Ok (result) } fn program_program (args : & [Value] , fuel : & mut usize , depth : & mut usize) -> Result < Value , String > { if args . len () != 0 || * fuel == 0 || * depth >= MAX_DEPTH { return Err ("target invocation/fuel/depth" . into ()) } * fuel -= 1 ; * depth += 1 ; let result = Value :: String (String :: from ("linked-proof-verifier")) ; * depth -= 1 ; Ok (result) } fn program_quote (args : & [Value] , fuel : & mut usize , depth : & mut usize) -> Result < Value , String > { if args . len () != 1 || * fuel == 0 || * depth >= MAX_DEPTH { return Err ("target invocation/fuel/depth" . into ()) } * fuel -= 1 ; * depth += 1 ; let result = (if boolean (Value :: Bool (args [0] . clone () . is_string ())) ? { Value :: Array (vec ! [Value :: String (String :: from ("atom")) , args [0] . clone ()]) } else { (if boolean (Value :: Bool (array (args [0] . clone ()) ? . is_empty ())) ? { Value :: Array (vec ! [Value :: String (String :: from ("list-end"))]) } else { Value :: Array (vec ! [Value :: String (String :: from ("pair")) , program_quote (& [head (args [0] . clone ()) ?] , fuel , depth) ?, program_quote (& [tail (args [0] . clone ()) ?] , fuel , depth) ?]) }) }) ; * depth -= 1 ; Ok (result) } fn program_receipt (args : & [Value] , fuel : & mut usize , depth : & mut usize) -> Result < Value , String > { if args . len () != 5 || * fuel == 0 || * depth >= MAX_DEPTH { return Err ("target invocation/fuel/depth" . into ()) } * fuel -= 1 ; * depth += 1 ; let result = Value :: Array (vec ! [Value :: String (String :: from ("rml-linked-proof-replay/v1")) , args [0] . clone () , (if boolean (program_accepted (& [args [2] . clone ()] , fuel , depth) ?) ? { Value :: String (String :: from ("true")) } else { Value :: String (String :: from ("false")) }) , args [1] . clone () , args [2] . clone () , args [3] . clone () , args [4] . clone ()]) ; * depth -= 1 ; Ok (result) } fn program_request (args : & [Value] , fuel : & mut usize , depth : & mut usize) -> Result < Value , String > { if args . len () != 3 || * fuel == 0 || * depth >= MAX_DEPTH { return Err ("target invocation/fuel/depth" . into ()) } * fuel -= 1 ; * depth += 1 ; let result = Value :: Array (vec ! [Value :: String (String :: from ("verify-linked-proof")) , program_quote (& [args [0] . clone ()] , fuel , depth) ?, program_quote (& [args [1] . clone ()] , fuel , depth) ?, program_quote (& [args [2] . clone ()] , fuel , depth) ?]) ; * depth -= 1 ; Ok (result) } pub fn execute_program (name : & str , args : & [Value]) -> Result < Value , String > { let mut fuel = 1000000 ; let mut depth = 0 ; match name { "accepted" => program_accepted (args , & mut fuel , & mut depth) , "program" => program_program (args , & mut fuel , & mut depth) , "quote" => program_quote (args , & mut fuel , & mut depth) , "receipt" => program_receipt (args , & mut fuel , & mut depth) , "request" => program_request (args , & mut fuel , & mut depth) , _ => Err ("unknown target program" . into ()) } }
1 + use serde_json :: Value ; const MAX_BYTES : usize = 16777216 ; const ALIGN : usize = 4 ; const MAX_DEPTH : usize = 256 ; const MAX_NODES : usize = 1000000 ; const MAX_TEXT : usize = 8388608 ; const NONEMPTY : bool = true ; const MAGIC : u32 = 1380797489 ; const TEXT : u32 = 1 ; const LIST : u32 = 2 ; const FM : usize = 0 ; const FR : usize = 4 ; const FE : usize = 8 ; const CT : usize = 0 ; const CP : usize = 4 ; const CL : usize = 8 ; fn put (memory : & mut [u8] , at : usize , value : usize) -> Result < () , String > { let value = u32 :: try_from (value) . map_err (| _ | "target word overflow") ? ; memory . get_mut (at .. at + 4) . ok_or ("target word bounds") ? . copy_from_slice (& value . to_le_bytes ()) ; Ok (()) } fn word (memory : & [u8] , at : usize) -> Result < usize , String > { let data : [u8 ; 4] = memory . get (at .. at . checked_add (4) . ok_or ("target address overflow") ?) . ok_or ("target word bounds") ? . try_into () . map_err (| _ | "target word width") ? ; Ok (u32 :: from_le_bytes (data) as usize) } fn allocate (memory : & mut Vec < u8 > , count : usize) -> Result < usize , String > { let at = memory . len () . checked_add (ALIGN - 1) . ok_or ("target address overflow") ? / ALIGN * ALIGN ; let end = at . checked_add (count) . ok_or ("target address overflow") ? ; if end > MAX_BYTES { return Err ("target memory limit" . into ()) } memory . resize (end , 0) ; Ok (at) } fn encode_value (value : & Value , depth : usize , memory : & mut Vec < u8 > , nodes : & mut usize , text : & mut usize) -> Result < usize , String > { if depth > MAX_DEPTH || * nodes >= MAX_NODES { return Err ("target term budget" . into ()) } * nodes += 1 ; let at = allocate (memory , 12) ? ; match value { Value :: String (s) => { if NONEMPTY && s . is_empty () { return Err ("target empty text" . into ()) } * text = text . checked_add (s . len ()) . ok_or ("target text overflow") ? ; if * text > MAX_TEXT { return Err ("target text limit" . into ()) } let payload = allocate (memory , s . len ()) ? ; memory [payload .. payload + s . len ()] . copy_from_slice (s . as_bytes ()) ; put (memory , at + CT , TEXT as usize) ? ; put (memory , at + CP , payload) ? ; put (memory , at + CL , s . len ()) ? ; } , Value :: Array (values) => { let payload = allocate (memory , values . len () . checked_mul (4) . ok_or ("target size overflow") ?) ? ; put (memory , at + CT , LIST as usize) ? ; put (memory , at + CP , payload) ? ; put (memory , at + CL , values . len ()) ? ; for (i , value) in values . iter () . enumerate () { let child = encode_value (value , depth + 1 , memory , nodes , text) ? ; put (memory , payload + i * 4 , child) ? ; } } , _ => return Err ("target requires terms" . into ()) } Ok (at) } pub fn encode_frame (value : & Value) -> Result < Vec < u8 > , String > { let mut memory = vec ! [0 ; 12] ; let root = encode_value (value , 1 , & mut memory , & mut 0 , & mut 0) ? ; let end = memory . len () ; put (& mut memory , FM , MAGIC as usize) ? ; put (& mut memory , FR , root) ? ; put (& mut memory , FE , end) ? ; Ok (memory) } fn span (memory : & [u8] , at : usize , len : usize) -> Result < () , String > { if at < 12 || at . checked_add (len) . ok_or ("target address overflow") ? > memory . len () { return Err ("target address bounds" . into ()) } Ok (()) } fn decode_value (memory : & [u8] , at : usize , depth : usize , nodes : & mut usize , text : & mut usize , seen : & mut std :: collections :: HashSet < usize >) -> Result < Value , String > { span (memory , at , 12) ? ; if at % ALIGN != 0 || ! seen . insert (at) || depth > MAX_DEPTH || * nodes >= MAX_NODES { return Err ("target term budget or alias" . into ()) } * nodes += 1 ; let tag = word (memory , at + CT) ? as u32 ; let payload = word (memory , at + CP) ? ; let len = word (memory , at + CL) ? ; if tag == TEXT { span (memory , payload , len) ? ; * text = text . checked_add (len) . ok_or ("target text overflow") ? ; if * text > MAX_TEXT { return Err ("target text limit" . into ()) } let s = std :: str :: from_utf8 (& memory [payload .. payload + len]) . map_err (| _ | "target invalid UTF-8") ? ; if NONEMPTY && s . is_empty () { return Err ("target empty text" . into ()) } return Ok (Value :: String (s . into ())) } if tag != LIST { return Err ("target unknown tag" . into ()) } span (memory , payload , len . checked_mul (4) . ok_or ("target size overflow") ?) ? ; if len > MAX_NODES { return Err ("target list limit" . into ()) } let mut result = Vec :: new () ; for i in 0 .. len { result . push (decode_value (memory , word (memory , payload + i * 4) ? , depth + 1 , nodes , text , seen) ?) } Ok (Value :: Array (result)) } pub fn decode_frame (memory : & [u8]) -> Result < Value , String > { if memory . len () < 24 || memory . len () > MAX_BYTES { return Err ("target frame size" . into ()) } if word (memory , FM) ? != MAGIC as usize || word (memory , FE) ? != memory . len () { return Err ("target frame header" . into ()) } let value = decode_value (memory , word (memory , FR) ? , 1 , & mut 0 , & mut 0 , & mut std :: collections :: HashSet :: new ()) ? ; if encode_frame (& value) ? != memory { return Err ("target noncanonical frame" . into ()) } Ok (value) } fn array (value : Value) -> Result < Vec < Value > , String > { match value { Value :: Array (v) => Ok (v) , _ => Err ("target expected list" . into ()) } } fn boolean (value : Value) -> Result < bool , String > { value . as_bool () . ok_or_else (| | "target expected boolean" . into ()) } fn head (value : Value) -> Result < Value , String > { array (value) ? . into_iter () . next () . ok_or_else (| | "target empty head" . into ()) } fn tail (value : Value) -> Result < Value , String > { let mut values = array (value) ? ; if values . is_empty () { return Err ("target empty tail" . into ()) } values . remove (0) ; Ok (Value :: Array (values)) } fn program_accepted (args : & [Value] , fuel : & mut usize , depth : & mut usize) -> Result < Value , String > { if args . len () != 1 || * fuel == 0 || * depth >= MAX_DEPTH { return Err ("target invocation/fuel/depth" . into ()) } * fuel -= 1 ; * depth += 1 ; let result = (if boolean (Value :: Bool (args [0] . clone () . is_string ())) ? { Value :: Bool (Value :: String (String :: from ("true")) == Value :: String (String :: from ("false"))) } else { (if boolean (Value :: Bool (array (args [0] . clone ()) ? . is_empty ())) ? { Value :: Bool (Value :: String (String :: from ("true")) == Value :: String (String :: from ("false"))) } else { Value :: Bool (head (args [0] . clone ()) ? == Value :: String (String :: from ("proof-accepted"))) }) }) ; * depth -= 1 ; Ok (result) } fn program_program (args : & [Value] , fuel : & mut usize , depth : & mut usize) -> Result < Value , String > { if args . len () != 0 || * fuel == 0 || * depth >= MAX_DEPTH { return Err ("target invocation/fuel/depth" . into ()) } * fuel -= 1 ; * depth += 1 ; let result = Value :: String (String :: from ("linked-proof-verifier")) ; * depth -= 1 ; Ok (result) } fn program_quote (args : & [Value] , fuel : & mut usize , depth : & mut usize) -> Result < Value , String > { if args . len () != 1 || * fuel == 0 || * depth >= MAX_DEPTH { return Err ("target invocation/fuel/depth" . into ()) } * fuel -= 1 ; * depth += 1 ; let result = (if boolean (Value :: Bool (args [0] . clone () . is_string ())) ? { Value :: Array (vec ! [Value :: String (String :: from ("atom")) , args [0] . clone ()]) } else { if boolean (Value :: Bool (array (args [0] . clone ()) ? . is_empty ())) ? { Value :: Array (vec ! [Value :: String (String :: from ("list-end"))]) } else { Value :: Array (vec ! [Value :: String (String :: from ("pair")) , program_quote (& [head (args [0] . clone ()) ?] , fuel , depth) ?, program_quote (& [tail (args [0] . clone ()) ?] , fuel , depth) ?]) } }) ; * depth -= 1 ; Ok (result) } fn program_receipt (args : & [Value] , fuel : & mut usize , depth : & mut usize) -> Result < Value , String > { if args . len () != 5 || * fuel == 0 || * depth >= MAX_DEPTH { return Err ("target invocation/fuel/depth" . into ()) } * fuel -= 1 ; * depth += 1 ; let result = Value :: Array (vec ! [Value :: String (String :: from ("rml-linked-proof-replay/v1")) , args [0] . clone () , (if boolean (program_accepted (& [args [2] . clone ()] , fuel , depth) ?) ? { Value :: String (String :: from ("true")) } else { Value :: String (String :: from ("false")) }) , args [1] . clone () , args [2] . clone () , args [3] . clone () , args [4] . clone ()]) ; * depth -= 1 ; Ok (result) } fn program_request (args : & [Value] , fuel : & mut usize , depth : & mut usize) -> Result < Value , String > { if args . len () != 3 || * fuel == 0 || * depth >= MAX_DEPTH { return Err ("target invocation/fuel/depth" . into ()) } * fuel -= 1 ; * depth += 1 ; let result = Value :: Array (vec ! [Value :: String (String :: from ("verify-linked-proof")) , program_quote (& [args [0] . clone ()] , fuel , depth) ?, program_quote (& [args [1] . clone ()] , fuel , depth) ?, program_quote (& [args [2] . clone ()] , fuel , depth) ?]) ; * depth -= 1 ; Ok (result) } pub fn execute_program (name : & str , args : & [Value]) -> Result < Value , String > { let mut fuel = 1000000 ; let mut depth = 0 ; match name { "accepted" => program_accepted (args , & mut fuel , & mut depth) , "program" => program_program (args , & mut fuel , & mut depth) , "quote" => program_quote (args , & mut fuel , & mut depth) , "receipt" => program_receipt (args , & mut fuel , & mut depth) , "request" => program_request (args , & mut fuel , & mut depth) , _ => Err ("unknown target program" . into ()) } }
  |

warning: `rml-linked-target` (lib) generated 4 warnings (run `cargo fix --lib -p rml-linked-target` to apply 4 suggestions)
warning: `rml-linked-target` (lib test) generated 4 warnings (4 duplicates)
    Finished `test` profile [unoptimized] target(s) in 22.06s
     Running unittests src/lib.rs (rust/target/debug/deps/rml_linked_target-78576b5edb99c5d2)

running 0 tests

test result: ok. 0 passed; 0 failed; 0 ignored; 0 measured; 0 filtered out; finished in 0.00s

     Running unittests src/main.rs (rust/target/debug/deps/rml_linked_target-b1950f936fafd305)

running 0 tests

test result: ok. 0 passed; 0 failed; 0 ignored; 0 measured; 0 filtered out; finished in 0.00s

   Compiling rml-relational-kernel v0.1.0 (/workspace/shared/rml-native-owned-replay-final/.rml-cache/scratch/1791434759999-5/rml-linked-rust-t6yPqD/rust/relational-kernel)
    Finished `test` profile [unoptimized] target(s) in 2.73s
     Running unittests src/lib.rs (rust/target/debug/deps/rml_relational-9f3b228d3a99b378)

running 0 tests

test result: ok. 0 passed; 0 failed; 0 ignored; 0 measured; 0 filtered out; finished in 0.00s

     Running tests/relational_kernel_tests.rs (rust/target/debug/deps/relational_kernel_tests-d43a5f9c6663bbca)

running 14 tests
test horn_source_and_resolution_bounds_reject_instead_of_claiming_success ... ok
test horn_unifier_freshens_scopes_rejects_occurs_cycles_and_backtracks ... ok
test immutable_ground_shortcut_follows_aliases_backtracks_and_owns_input_terms ... ok
test conditional_trailing_and_constructor_discrimination_preserve_all_branch_answers ... ok
test each_explicit_horn_host_operation_has_a_removal_witness ... ok
test independent_horn_replay_rejects_goal_clause_premise_and_context_tampering ... ok
test linked_horn_interpreter_executes_the_actual_source_image ... ok
test linked_meta_occurs_check_can_be_replaced_as_source_without_changing_host_unification ... ok
test relational_source_preserves_imported_facts_two_inferences_fixed_point_and_complete_proofs ... ok
test source_replacement_changes_recursive_substitution_on_the_unchanged_horn_machine ... ok
test linked_description_generation_preserves_and_executes_the_real_clause_image ... ok
test source_replay_binds_atom_codes_to_expected_source_context ... ok
test relational_source_preserves_shared_sk_reductions_and_independently_replays_each_step ... ok
test actual_quoted_horn_image_preserves_the_entire_six_capability_workload has been running for over 60 seconds
