build-cache: before=2495434 after=2495434 reclaimed=0 budget=1073741824 bytes; 1 protected paths; within budget
✔ elaborate owned JavaScript AST: loop-state-output (28.82863ms)
✔ elaborate owned JavaScript AST: mutual-recursion (7.37152ms)
✔ elaborate owned JavaScript AST: module-alias-and-effects (3.659721ms)
✔ elaborate owned JavaScript AST: lexical-shadowing (2.362928ms)
✔ elaborate owned JavaScript AST: short-circuit-effects (3.604758ms)
✔ elaborate owned JavaScript AST: evaluation-order (2.512294ms)
✔ elaborate owned JavaScript AST: assignment-result-snapshot (2.376438ms)
✔ elaborate owned JavaScript AST: break-and-reassignment (4.432183ms)
✔ elaborate owned JavaScript AST: negative-and-conditional (2.04542ms)
✔ elaborate owned JavaScript AST: recursive-output-trace (2.074443ms)
✔ elaborate owned JavaScript AST: fuel-is-not-divergence (0.992404ms)
✔ elaborate owned JavaScript AST: checked-overflow (0.901688ms)
✔ JavaScript semantic obligation: temporal-dead-zone (0.77013ms)
✔ JavaScript semantic obligation: outer-binding-is-shadowed-for-whole-block (0.375836ms)
✔ JavaScript semantic obligation: constant-assignment (0.30583ms)
✔ JavaScript semantic obligation: null-is-not-undefined (0.251248ms)
✔ JavaScript semantic obligation: fractional-division (0.322205ms)
✔ JavaScript semantic obligation: dynamic-coercion (0.236837ms)
✔ JavaScript semantic obligation: heap-reference (0.708357ms)
✔ JavaScript semantic obligation: closure (0.492912ms)
✔ JavaScript semantic obligation: async (0.393583ms)
✔ JavaScript semantic obligation: exception (0.223136ms)
✔ JavaScript semantic obligation: shadowed-console (0.202515ms)
✔ JavaScript semantic obligation: undeclared-effect (0.439492ms)
✔ JavaScript semantic obligation: unknown-call (0.189275ms)
✔ JavaScript semantic obligation: unsafe-literal (0.228754ms)
✔ JavaScript semantic obligation: fallthrough (0.205579ms)
✔ elaborate owned Rust AST: rust-loop-output (4.553457ms)
✔ elaborate owned Rust AST: rust-same-scope-shadowing (1.453669ms)
✔ elaborate owned Rust AST: rust-range-snapshot (3.038235ms)
✔ elaborate owned Rust AST: rust-mutual-recursion (3.601944ms)
✔ elaborate owned Rust AST: rust-conditional (1.186086ms)
✔ elaborate owned Rust AST: rust-immutable-assignment (0.303257ms)
✔ elaborate owned Rust AST: rust-immutable-parameter (0.161994ms)
✔ elaborate owned Rust AST: rust-immutable-loop-binding (0.271939ms)
✔ elaborate owned Rust AST: rust-borrow-obligation (0.166972ms)
✔ elaborate owned Rust AST: rust-unsafe-obligation (0.114002ms)
✔ elaborate owned Rust AST: rust-async-obligation (0.0728ms)
✔ elaborate owned Rust AST: rust-generic-obligation (0.060141ms)
✔ elaborate owned Rust AST: rust-const-obligation (0.052549ms)
✔ elaborate owned Rust AST: rust-abi-obligation (0.055884ms)
✔ elaborate owned Rust AST: rust-macro-obligation (0.082003ms)
✔ elaborate owned Rust AST: rust-undeclared-output (0.280652ms)
✔ official source ingress distinguishes preservation from checked scalar semantics (109.916404ms)
✔ owned syntax rejects cycles and excessive depth before recursive lowering (0.406192ms)
✔ the AST-reconstructed generator emits a correct standalone JavaScript machine (22.043809ms)
✔ Syn 3 safety and modifier fields cannot silently bypass scalar obligations (1.266508ms)
✔ typed control flow, linked reload and generated JavaScript: loop-state-output (16.953609ms)
✔ typed control flow, linked reload and generated JavaScript: mutual-recursion (9.013843ms)
✔ typed control flow, linked reload and generated JavaScript: module-alias-and-effects (3.611348ms)
✔ typed control flow, linked reload and generated JavaScript: lexical-shadowing (2.380795ms)
✔ typed control flow, linked reload and generated JavaScript: short-circuit-effects (5.087721ms)
✔ typed control flow, linked reload and generated JavaScript: evaluation-order (2.180444ms)
✔ typed control flow, linked reload and generated JavaScript: assignment-result-snapshot (2.26404ms)
✔ typed control flow, linked reload and generated JavaScript: break-and-reassignment (3.425619ms)
✔ typed control flow, linked reload and generated JavaScript: negative-and-conditional (2.474817ms)
✔ typed control flow, linked reload and generated JavaScript: recursive-output-trace (3.54026ms)
✔ typed control flow, linked reload and generated JavaScript: fuel-is-not-divergence (1.645608ms)
✔ typed control flow, linked reload and generated JavaScript: checked-overflow (1.407289ms)
✔ control-flow rejection: duplicate-register (0.495056ms)
✔ control-flow rejection: unresolved-call (0.196285ms)
✔ control-flow rejection: uninitialized (0.269075ms)
✔ control-flow rejection: type-confusion (0.191589ms)
✔ control-flow rejection: unresolved-branch (0.187342ms)
✔ control-flow rejection: undeclared-output (0.205129ms)
✔ control-flow rejection: unknown-operation (0.201453ms)
✔ control-flow rejection: hidden-field (0.165199ms)
✔ control-flow rejection: dangling-export (0.16617ms)
✔ control-flow rejection: unknown-type (0.114102ms)
✔ control-flow rejection: out-of-domain-constant (0.124247ms)
✔ control-flow rejection: negative-zero (0.156827ms)
✔ definite assignment intersects both branch paths, including loops (0.492932ms)
✔ calls propagate effects through recursion and cannot reach private modules (0.572302ms)
✔ numeric failures, fuel exhaustion and argument rejection remain distinct (0.296937ms)
✔ shared control-flow negative: duplicate-register (0.134422ms)
✔ shared control-flow negative: unresolved-call (0.098679ms)
✔ shared control-flow negative: uninitialized (0.111327ms)
✔ shared control-flow negative: type-confusion (0.087963ms)
✔ shared control-flow negative: unresolved-branch (0.090135ms)
✔ shared control-flow negative: undeclared-output (0.189415ms)
✔ shared control-flow negative: unknown-operation (0.11283ms)
✔ shared control-flow negative: hidden-proof-field (0.062975ms)
✔ shared control-flow negative: dangling-export (0.069104ms)
✔ shared control-flow negative: unknown-result-type (0.051948ms)
✔ shared control-flow negative: overflowing-literal (0.082705ms)
✔ shared control-flow negative: unreachable-block (0.097327ms)
✔ shared control-flow negative: undeclared-branch-type (0.098037ms)
✔ shared control-flow negative: missing-parameter-types (0.054902ms)
✔ shared control-flow negative: missing-call-arguments (0.08639ms)
✔ shared control-flow negative: duplicate-exports (0.040901ms)
✔ shared control-flow negative: unsupported-effect (0.096725ms)
✔ shared control-flow negative: oversized-name (0.086029ms)
✔ linked instruction replacement changes execution and native target output (2.215646ms)
✔ scalar operation contract: add-positive (0.707095ms)
✔ scalar operation contract: sub-negative (0.630689ms)
✔ scalar operation contract: mul-negative (0.728918ms)
✔ scalar operation contract: div-negative (0.6305ms)
✔ scalar operation contract: mod-negative (0.867957ms)
✔ scalar operation contract: less-negative (0.608276ms)
✔ scalar operation contract: less-equal-reflexive (0.612152ms)
✔ scalar operation contract: equality-bool (0.583849ms)
✔ scalar operation contract: and-bools (0.68369ms)
✔ scalar operation contract: or-bools (0.6177ms)
✔ scalar operation contract: not-bool (0.612172ms)
✔ scalar operation contract: copy-unit (0.596519ms)
✔ scalar operation contract: division-by-zero (0.188564ms)
✔ scalar operation contract: modulo-by-zero (0.162094ms)
✔ public evaluator cannot report structural-equality proofs for different shapes (9.312703ms)
✔ public structural equality preserves shape and scalar coercion (0.268294ms)
✔ direct-structural: repeated variables respect leaf/list identity in both reducers (4.147856ms)
✔ direct-structural: display collisions cannot manufacture proofs or cycles (4.125993ms)
✔ direct-structural: foundation matching distinguishes raw shapes (26.943271ms)
✔ direct-structural: quoted proof contexts retain exact shape identity (47.406365ms)
✔ s-k: repeated variables respect leaf/list identity in both reducers (61.190101ms)
✔ s-k: display collisions cannot manufacture proofs or cycles (40.034655ms)
✔ s-k: foundation matching distinguishes raw shapes (132.403406ms)
✔ s-k: quoted proof contexts retain exact shape identity (3601.907751ms)
✔ direct-structural: inference cannot satisfy a repeated variable with different shapes (0.860796ms)
✔ s-k: inference cannot satisfy a repeated variable with different shapes (6.651175ms)
✔ horn-relational: inference cannot satisfy a repeated variable with different shapes (0.409377ms)
✔ horn-relational fact identity separates display collisions (0.375586ms)
✔ api-docs.yml: every checkout job bootstraps, archives and always tears down (1.38135ms)
✔ bootstrap.yml: every checkout job bootstraps, archives and always tears down (0.178579ms)
✔ cache-candidate-validation.yml: every checkout job bootstraps, archives and always tears down (0.203196ms)
✔ cache-portability.yml: every checkout job bootstraps, archives and always tears down (0.25207ms)
✔ docker.yml: every checkout job bootstraps, archives and always tears down (0.234904ms)
✔ formal-corpus.yml: every checkout job bootstraps, archives and always tears down (0.210677ms)
✔ issue-183-acceptance.yml: every checkout job bootstraps, archives and always tears down (0.183046ms)
✔ linked-implementation.yml: every checkout job bootstraps, archives and always tears down (0.150526ms)
✔ linked-target.yml: every checkout job bootstraps, archives and always tears down (0.256065ms)
✔ lint-english.yml: every checkout job bootstraps, archives and always tears down (0.199571ms)
✔ orientation-proofs.yml: every checkout job bootstraps, archives and always tears down (0.256796ms)
✔ parity.yml: every checkout job bootstraps, archives and always tears down (0.149806ms)
✔ relational-kernel.yml: every checkout job bootstraps, archives and always tears down (0.157237ms)
✔ tests.yml: every checkout job bootstraps, archives and always tears down (1.022099ms)
✔ docs and parity consume build outputs before cleanup can evict them (0.194073ms)
✔ formal jobs preserve the pinned checkout and own only disposable proof-build copies (0.249055ms)
✔ Docker lifecycle never uses global pruning, remote cache exports, or anonymous persistent target mounts (0.466943ms)
✔ cache categories, bootstrap entry points and compact Cargo profiles remain registered (0.368735ms)
✔ Docker success consumes both images and removes only owned exact resources (1931.124441ms)
✔ Docker failed bootstrap preserves exit status and releases its builder (730.585334ms)
✔ Docker failed build preserves exit status and releases its builder (715.365811ms)
✔ Docker failed smoke test preserves exit status and releases its builder (1215.709707ms)
✔ Docker termination signal preserves exit status and releases its builder (1303.148189ms)
✔ Docker mismatched image ownership fails closed without deleting it (1769.425029ms)
✔ Docker mismatched builder-state labels fail closed without deleting it (277.96179ms)
✔ Docker container ownership mismatch never stops a foreign process and retains its lease (1116.277516ms)
✔ failed Docker container stop preserves the external lease instead of freeing active scratch (1256.034004ms)
▶ soundness documentation
  ✔ is linked from the README (1.46749ms)
  ✔ cross-links the C2 proof-replay checker implementations (0.434084ms)
  ✔ states the trusted aggregator family for soundness claims (0.246561ms)
✔ soundness documentation (2.956502ms)
▶ generated API reference documentation
  ✔ is linked from the README (0.3589ms)
  ✔ links the online playground from the README (1.059685ms)
  ✔ builds JavaScript and Rust API docs for GitHub Pages on release (0.257838ms)
  ✔ defines a JavaScript docs script for JSDoc generation (0.247042ms)
  ✔ writes a Pages landing page and copies playground assets (52.345608ms)
✔ generated API reference documentation (54.719723ms)
▶ compatibility and release documentation
  ✔ is linked from the README (0.35837ms)
  ✔ covers semver, deprecations, and release cadence (0.590679ms)
  ✔ keeps JavaScript and Rust package versions aligned (0.293102ms)
✔ compatibility and release documentation (1.468151ms)
▶ supported logic type overview documentation
  ✔ mentions probabilistic logic in the continuous valence row (0.47178ms)
  ✔ uses specific Wikipedia references for finite and four-valued logic rows (0.509417ms)
  ✔ keeps the expanded logic references in the README bibliography (1.07562ms)
✔ supported logic type overview documentation (2.193203ms)
▶ self-bootstrap tutorial documentation
  ✔ is linked from the README (0.235505ms)
  ✔ walks through the encoded self-bootstrap files in narrative order (0.523768ms)
✔ self-bootstrap tutorial documentation (0.866936ms)
▶ progressive tutorial documentation
  ✔ links the tutorial path from the README in learning order (0.228154ms)
  ✔ provides a docs/tutorials index in the same learning order (0.11285ms)
  ✔ connects each tutorial to its runnable source material (0.178569ms)
✔ progressive tutorial documentation (0.635597ms)
{"sourceFreeEditorTests":4,"sourceFreeLspTests":2,"sourceFreePlaygroundTests":4}
✔ discovery covers maintained editor, browser, examples and Rust targets with explicit provider/evidence roles (724.915958ms)
✔ a new executable outside legacy source roots changes the complete inventory and cannot hide in an unsupported language (1.669484ms)
✔ Rust source modules cannot hide implementation behind a test-like filename (0.655547ms)
✔ public entrypoints and static imports cannot point into unrepresented evidence or escape the repository (1.659298ms)
✔ the ordinary current-tree guard rejects a new outside-root executable and an unrepresented public entrypoint (7349.836851ms)
✔ source-free generated VS Code packaging, existing editor/LSP tests and playground tests execute (2700.978637ms)
✔ replacing editor-selection Links changes actual generated extension activation on unchanged host capabilities (3505.662418ms)
✔ replacing a diagnostic decision in Link AST changes a real source-free LSP response (3793.998889ms)
✔ the ordinary test suite rejects current-checkout source or provider drift (2602.219779ms)
✔ the configuration graph supplies real build settings and direct linked library inputs (616.453427ms)
✔ configuration refuses omitted providers and escaping output paths (826.780675ms)
✔ ordinary-build guard rejects added host modules and changed dependency settings (9676.216415ms)
✔ ordinary operations refuse stale implementation before executing their command (112.441506ms)
✔ explicit migration succeeds only after its command establishes a current implementation (375.348216ms)
✔ a successful migration command cannot hide a failed final authority check (186.384855ms)
✔ migration preserves a failed command status and never labels its sources verified (186.778406ms)
✔ migration cannot omit its authority checker (81.897643ms)
✔ result sharing preserves fixed miss before wildcard (6.208408ms)
✔ result sharing preserves wildcard before fixed miss (4.444894ms)
✔ result sharing preserves repeated variable failure (2.701798ms)
✔ result sharing preserves fallback before fixed mismatch (2.275667ms)
✔ result sharing preserves quoted variable-looking head (2.069957ms)
✔ result sharing preserves bare question-mark head (2.208886ms)
✔ result sharing preserves variable head (3.224796ms)
✔ result sharing preserves leaf candidate versus array pattern (2.148505ms)
✔ result sharing preserves leaf candidate cannot bind an array pattern (1.832059ms)
✔ result sharing preserves nested singleton head (1.867342ms)
✔ result sharing preserves nested comma head (1.47433ms)
✔ result sharing preserves nested pattern head (1.522542ms)
✔ result sharing preserves empty pattern (2.113112ms)
✔ result sharing preserves empty atom and nested empty candidate (1.731087ms)
✔ result sharing preserves empty candidate (1.641352ms)
✔ result sharing preserves same head and different arities (1.769896ms)
✔ result sharing preserves child after incompatible parent (2.002195ms)
✔ result sharing preserves head child before tail (1.761652ms)
✔ result sharing preserves root before child (2.009356ms)
✔ result sharing preserves no rules (1.12231ms)
✔ result sharing preserves only fixed mismatches (1.536423ms)
✔ result sharing preserves cyclic rewrite (2.080082ms)
✔ result sharing preserves stalled child after normal sibling (1.702013ms)
✔ result sharing preserves array-to-leaf rewrite makes structural progress (1.525678ms)
✔ result sharing preserves every generic recursion normal form, step, and observer set (53662.077282ms)
✔ shared substitutions still reduce each occurrence and return independent owned copies (0.461876ms)
✔ normal-subtree caches cannot survive rule, import, or program changes between calls (0.42451ms)
✔ rebinding a fixed rule head into a variable retains its ordered fallback semantics (0.174993ms)
✔ quotes, malformed inputs, and externally shared normal DAGs retain their contracts (0.798793ms)
✔ result sharing retains both foundation observer path segments (0.481094ms)
✔ mixed deterministic terms preserve result-only outcomes and first disabled errors (22.64487ms)
✔ linked implementation manifest pins structured ASTs and generated artifacts for the complete snapshot inventory (1483.802579ms)
✔ Babel 8 BigInt literals preserve exact values through structured Links and generation (14.632313ms)
✔ graph serialization stores only Links and preserves values including Unicode, negative zero, and prototype-like keys (0.628396ms)
✔ graph restoration refuses missing, cyclic, malformed and exponentially expanding syntax (23.337291ms)
✔ source-free generation executes the real LiNo parser, formal terms, proof verifier and K0 compiler (7663.62002ms)
✔ replacing parser and elaboration AST Links changes behavior on the unchanged generator and runtime substrate (5259.114838ms)
✔ replacing verifier and bracket compiler AST Links changes semantic decisions without callbacks (5367.938801ms)
✔ the archive generates its own codec and generator and reaches an exact second-generation fixed point (5897.902259ms)
✔ consistency rejects omitted modules and host-only semantic edits instead of silently capturing them (7989.950715ms)
✔ Rust implementation archive contains typed syntax for every pinned runtime and companion module (337.654668ms)
✔ Rust authority can be edited structurally and restored with no source buffer (1479.441906ms)
✔ Rust archive refuses a path escape instead of writing outside its generated tree (1180.7938ms)
✔ pure Link model executes real proof quotation and compiles adapter expressions (46.02764ms)
✔ independent memory planner agrees byte-for-byte with generated target and rejects corruption (5.827995ms)
✔ Link layout and program replacements change actual generated storage and verdicts (4.77519ms)
▶ browser playground static site
  ✔ ships the static assets needed by GitHub Pages (0.689308ms)
  ✔ defines runnable embedded examples (0.646513ms)
  ✔ round-trips source through URL hash state (1.365576ms)
  ✔ evaluates every embedded example in the browser runtime (24.363277ms)
✔ browser playground static site (28.038761ms)
ℹ tests 234
ℹ suites 7
ℹ pass 234
ℹ fail 0
ℹ cancelled 0
ℹ skipped 0
ℹ todo 0
ℹ duration_ms 79420.24321
build-cache: before=2495434 after=2495434 reclaimed=0 budget=1073741824 bytes; 1 protected paths; within budget
