build-cache: before=2495434 after=2495434 reclaimed=0 budget=1073741824 bytes; 1 protected paths; within budget
✔ collection kernel: typed empty list ascription (3.775766ms)
✔ collection kernel: invalid empty list ascription (0.991143ms)
✔ collection kernel: pair first (2.156678ms)
✔ collection kernel: pair second (4.118581ms)
✔ collection kernel: non-pair projection (1.057942ms)
✔ collection kernel: natural addition (8.483695ms)
✔ collection kernel: addition rejects Boolean (2.584862ms)
✔ collection kernel: list append (23.664504ms)
✔ collection kernel: list append rejects mixed elements (4.433195ms)
✔ collection kernel: conditional true (5.661125ms)
✔ collection kernel: conditional false (5.760975ms)
✔ collection kernel: conditional checks inactive false branch (3.563406ms)
✔ collection kernel: conditional checks inactive true branch (3.201321ms)
✔ collection kernel: conditional rejects non-Boolean guard (5.155383ms)
✔ collection kernel: natural zero case (10.588134ms)
✔ collection kernel: natural successor predecessor (15.640181ms)
✔ collection kernel: natural case checks unused step (9.60977ms)
✔ collection kernel: natural case checks unused base (6.527179ms)
✔ collection kernel: natural case rejects target type (1.924488ms)
✔ collection kernel: list nil case (23.723003ms)
✔ collection kernel: list cons binder order (39.497797ms)
✔ collection kernel: list case checks unused cons (18.978538ms)
✔ collection kernel: list case checks unused nil (23.817304ms)
✔ collection kernel: list case rejects reversed binder selection (21.496169ms)
✔ collection kernel: list case rejects target type (1.271665ms)
✔ closed function formation returns the original body with no abstract captured values (43.459392ms)
✔ execution uses actual checked values after hypothetical formation (29.139909ms)
✔ formation still rejects an incorrectly typed body, argument, binder, and conclusion (30.390783ms)
✔ a missing imported function cannot become a typing hypothesis (9.099072ms)
✔ non-lambda inputs cannot expose temporary neutral global values (1.024232ms)
✔ type constructors retain their actual checked value in the formation context (36.266781ms)
✔ dependent function and universe globals remain transparent (2.6168ms)
✔ structural recursor shared fixtures are reproducible (2.81563ms)
✔ typed structural recursion: nat-zero-checks-both-branches (388.712741ms)
✔ typed structural recursion: nat-successors-use-induction-hypothesis (1405.396448ms)
✔ typed structural recursion: nat-annotated-step-binders (535.627193ms)
✔ typed structural recursion: nat-dependent-vector-concrete (1561.674789ms)
✔ typed structural recursion: nat-dependent-vector-symbolic (1284.368033ms)
✔ typed structural recursion: nat-motive-captures-outer-index (1250.966152ms)
✔ typed structural recursion: nat-mutated-motive-value (7.040541ms)
✔ typed structural recursion: nat-mutated-motive-domain (5.291929ms)
✔ typed structural recursion: nat-mutated-base-on-zero (19.593844ms)
✔ typed structural recursion: nat-mutated-step-on-zero (358.04836ms)
✔ typed structural recursion: nat-mutated-step-annotation (125.703116ms)
✔ typed structural recursion: nat-mutated-target (2.167153ms)
✔ typed structural recursion: nat-mutated-vector-base-index (41.065927ms)
✔ typed structural recursion: nat-mutated-vector-step-index (651.171926ms)
✔ typed structural recursion: nat-mutated-induction-dependency (594.769187ms)
✔ typed structural recursion: nat-mutated-missing-global-dependency (388.296972ms)
✔ typed structural recursion: nat-mutated-global-dependency-type (501.632262ms)
✔ typed structural recursion: nat-mutated-step-on-symbolic-target (545.4193ms)
✔ typed structural recursion: list-nil-checks-both-branches (2163.650909ms)
✔ typed structural recursion: list-cons-use-induction-hypothesis (5217.103217ms)
✔ typed structural recursion: list-symbolic-preserves-checked-branches (2675.684978ms)
✔ typed structural recursion: list-dependent-vector-symbolic (4458.860518ms)
✔ typed structural recursion: list-dependent-vector-concrete (5367.87901ms)
✔ typed structural recursion: list-offset-parameter-changes-recursive-call (11890.987704ms)
✔ typed structural recursion: list-mutated-motive-value-on-nil (9.326324ms)
✔ typed structural recursion: list-mutated-motive-domain (5.087251ms)
✔ typed structural recursion: list-mutated-base-on-nil (17.149905ms)
✔ typed structural recursion: list-mutated-step-on-nil (1946.13432ms)
✔ typed structural recursion: list-mutated-head-type (473.451681ms)
✔ typed structural recursion: list-mutated-tail-type (959.03474ms)
✔ typed structural recursion: list-mutated-induction-hypothesis-type (1520.868186ms)
✔ typed structural recursion: list-mutated-vector-base-index (65.262892ms)
✔ typed structural recursion: list-mutated-vector-step-index (3171.571361ms)
✔ typed structural recursion: list-mutated-induction-dependency (2969.51643ms)
✔ typed structural recursion: list-mutated-step-on-symbolic-target (2566.289169ms)
✔ typed structural recursion: list-mutated-target (1.087077ms)
✔ typed structural recursion: list-untyped-nil-does-not-guess-element (1.009581ms)
{"sourceFreeEditorTests":4,"sourceFreeLspTests":2,"sourceFreePlaygroundTests":4}
✔ discovery covers maintained editor, browser, examples and Rust targets with explicit provider/evidence roles (707.749895ms)
✔ a new executable outside legacy source roots changes the complete inventory and cannot hide in an unsupported language (1.192256ms)
✔ Rust source modules cannot hide implementation behind a test-like filename (0.531741ms)
✔ public entrypoints and static imports cannot point into unrepresented evidence or escape the repository (1.49402ms)
✔ the ordinary current-tree guard rejects a new outside-root executable and an unrepresented public entrypoint (7904.164602ms)
✔ source-free generated VS Code packaging, existing editor/LSP tests and playground tests execute (2841.359719ms)
✔ replacing editor-selection Links changes actual generated extension activation on unchanged host capabilities (3680.059021ms)
✔ replacing a diagnostic decision in Link AST changes a real source-free LSP response (3748.611578ms)
✔ the ordinary test suite rejects current-checkout source or provider drift (2960.563294ms)
✔ the configuration graph supplies real build settings and direct linked library inputs (720.496406ms)
✔ configuration refuses omitted providers and escaping output paths (847.314759ms)
✔ ordinary-build guard rejects added host modules and changed dependency settings (9238.011956ms)
✔ ordinary operations refuse stale implementation before executing their command (96.162032ms)
✔ explicit migration succeeds only after its command establishes a current implementation (369.601111ms)
✔ a successful migration command cannot hide a failed final authority check (195.996852ms)
✔ migration preserves a failed command status and never labels its sources verified (190.471001ms)
✔ migration cannot omit its authority checker (93.560844ms)
✔ linked implementation manifest pins structured ASTs and generated artifacts for the complete snapshot inventory (1565.415322ms)
✔ Babel 8 BigInt literals preserve exact values through structured Links and generation (15.539419ms)
✔ graph serialization stores only Links and preserves values including Unicode, negative zero, and prototype-like keys (0.607645ms)
✔ graph restoration refuses missing, cyclic, malformed and exponentially expanding syntax (20.349232ms)
✔ source-free generation executes the real LiNo parser, formal terms, proof verifier and K0 compiler (7931.066605ms)
✔ replacing parser and elaboration AST Links changes behavior on the unchanged generator and runtime substrate (6354.111197ms)
✔ replacing verifier and bracket compiler AST Links changes semantic decisions without callbacks (5730.676867ms)
✔ the archive generates its own codec and generator and reaches an exact second-generation fixed point (5993.058522ms)
✔ consistency rejects omitted modules and host-only semantic edits instead of silently capturing them (7894.098762ms)
✔ Rust implementation archive contains typed syntax for every pinned runtime and companion module (326.343621ms)
✔ Rust authority can be edited structurally and restored with no source buffer (1441.19669ms)
✔ Rust archive refuses a path escape instead of writing outside its generated tree (1161.199366ms)
✔ pure Link model executes real proof quotation and compiles adapter expressions (45.160722ms)
✔ independent memory planner agrees byte-for-byte with generated target and rejects corruption (4.412705ms)
✔ Link layout and program replacements change actual generated storage and verdicts (4.657363ms)
✔ the two native proof sources retain the same audited theorem obligations (1.571746ms)
✔ proof holes, extra assumptions, inventory loss, and empty native checks fail closed (1.568972ms)
✔ recorded native result matches these sources and includes both kernels and rejected counterclaims (2.296999ms)
✔ dedicated CI requires real Lean and Rocq checks and owned-cache teardown (0.298089ms)
✔ an absent requested compiler fails instead of skipping native checking (59.091318ms)
✔ the exact maintained native proof toolchains reject stale and prerelease versions (1.517254ms)
✔ both maintained proof workflows install exact Lean and digest-pinned Rocq (0.426923ms)
✔ the archived upstream toolchain and all general proof obligations are preserved (1.026355ms)
ℹ tests 110
ℹ suites 0
ℹ pass 110
ℹ fail 0
ℹ cancelled 0
ℹ skipped 0
ℹ todo 0
ℹ duration_ms 73265.611666
build-cache: before=2495434 after=2495434 reclaimed=0 budget=1073741824 bytes; 1 protected paths; within budget
